Component: ARM Compiler 5.05 update 2 (build 169) Tool: armlink [4d0f33]

==============================================================================

Section Cross References

    startup_stm32f10x_hd.o(RESET) refers to startup_stm32f10x_hd.o(STACK) for __initial_sp
    startup_stm32f10x_hd.o(RESET) refers to startup_stm32f10x_hd.o(.text) for Reset_Handler
    startup_stm32f10x_hd.o(RESET) refers to stm32f10x_it.o(i.NMI_Handler) for NMI_Handler
    startup_stm32f10x_hd.o(RESET) refers to stm32f10x_it.o(i.HardFault_Handler) for HardFault_Handler
    startup_stm32f10x_hd.o(RESET) refers to stm32f10x_it.o(i.MemManage_Handler) for MemManage_Handler
    startup_stm32f10x_hd.o(RESET) refers to stm32f10x_it.o(i.BusFault_Handler) for BusFault_Handler
    startup_stm32f10x_hd.o(RESET) refers to stm32f10x_it.o(i.UsageFault_Handler) for UsageFault_Handler
    startup_stm32f10x_hd.o(RESET) refers to stm32f10x_it.o(i.SVC_Handler) for SVC_Handler
    startup_stm32f10x_hd.o(RESET) refers to stm32f10x_it.o(i.DebugMon_Handler) for DebugMon_Handler
    startup_stm32f10x_hd.o(RESET) refers to os_cpu_a.o(CODE) for OS_CPU_PendSVHandler
    startup_stm32f10x_hd.o(RESET) refers to os_cpu_c.o(i.OS_CPU_SysTickHandler) for OS_CPU_SysTickHandler
    startup_stm32f10x_hd.o(RESET) refers to main.o(i.DMA1_Channel4_IRQHandler) for DMA1_Channel4_IRQHandler
    startup_stm32f10x_hd.o(RESET) refers to stm32f10x_it.o(i.TIM2_IRQHandler) for TIM2_IRQHandler
    startup_stm32f10x_hd.o(RESET) refers to stm32f10x_it.o(i.SPI2_IRQHandler) for SPI2_IRQHandler
    startup_stm32f10x_hd.o(RESET) refers to main.o(i.USART1_IRQHandler) for USART1_IRQHandler
    startup_stm32f10x_hd.o(RESET) refers to stm32f10x_it.o(i.SDIO_IRQHandler) for SDIO_IRQHandler
    startup_stm32f10x_hd.o(.text) refers to system_stm32f10x.o(i.SystemInit) for SystemInit
    startup_stm32f10x_hd.o(.text) refers to entry.o(.ARM.Collect$$$$00000000) for __main
    system_stm32f10x.o(i.SetSysClock) refers to system_stm32f10x.o(i.SetSysClockTo72) for SetSysClockTo72
    system_stm32f10x.o(i.SystemCoreClockUpdate) refers to system_stm32f10x.o(.data) for .data
    system_stm32f10x.o(i.SystemInit) refers to system_stm32f10x.o(i.SetSysClock) for SetSysClock
    stm32f10x_bkp.o(i.BKP_DeInit) refers to stm32f10x_rcc.o(i.RCC_BackupResetCmd) for RCC_BackupResetCmd
    stm32f10x_flash.o(i.FLASH_EnableWriteProtection) refers to stm32f10x_flash.o(i.FLASH_WaitForLastOperation) for FLASH_WaitForLastOperation
    stm32f10x_flash.o(i.FLASH_EraseAllBank1Pages) refers to stm32f10x_flash.o(i.FLASH_WaitForLastBank1Operation) for FLASH_WaitForLastBank1Operation
    stm32f10x_flash.o(i.FLASH_EraseAllPages) refers to stm32f10x_flash.o(i.FLASH_WaitForLastOperation) for FLASH_WaitForLastOperation
    stm32f10x_flash.o(i.FLASH_EraseOptionBytes) refers to stm32f10x_flash.o(i.FLASH_GetReadOutProtectionStatus) for FLASH_GetReadOutProtectionStatus
    stm32f10x_flash.o(i.FLASH_EraseOptionBytes) refers to stm32f10x_flash.o(i.FLASH_WaitForLastOperation) for FLASH_WaitForLastOperation
    stm32f10x_flash.o(i.FLASH_ErasePage) refers to stm32f10x_flash.o(i.FLASH_WaitForLastOperation) for FLASH_WaitForLastOperation
    stm32f10x_flash.o(i.FLASH_ProgramHalfWord) refers to stm32f10x_flash.o(i.FLASH_WaitForLastOperation) for FLASH_WaitForLastOperation
    stm32f10x_flash.o(i.FLASH_ProgramOptionByteData) refers to stm32f10x_flash.o(i.FLASH_WaitForLastOperation) for FLASH_WaitForLastOperation
    stm32f10x_flash.o(i.FLASH_ProgramWord) refers to stm32f10x_flash.o(i.FLASH_WaitForLastOperation) for FLASH_WaitForLastOperation
    stm32f10x_flash.o(i.FLASH_ReadOutProtection) refers to stm32f10x_flash.o(i.FLASH_WaitForLastOperation) for FLASH_WaitForLastOperation
    stm32f10x_flash.o(i.FLASH_UserOptionByteConfig) refers to stm32f10x_flash.o(i.FLASH_WaitForLastOperation) for FLASH_WaitForLastOperation
    stm32f10x_flash.o(i.FLASH_WaitForLastBank1Operation) refers to stm32f10x_flash.o(i.FLASH_GetBank1Status) for FLASH_GetBank1Status
    stm32f10x_flash.o(i.FLASH_WaitForLastOperation) refers to stm32f10x_flash.o(i.FLASH_GetBank1Status) for FLASH_GetBank1Status
    stm32f10x_gpio.o(i.GPIO_AFIODeInit) refers to stm32f10x_rcc.o(i.RCC_APB2PeriphResetCmd) for RCC_APB2PeriphResetCmd
    stm32f10x_gpio.o(i.GPIO_DeInit) refers to stm32f10x_rcc.o(i.RCC_APB2PeriphResetCmd) for RCC_APB2PeriphResetCmd
    stm32f10x_pwr.o(i.PWR_DeInit) refers to stm32f10x_rcc.o(i.RCC_APB1PeriphResetCmd) for RCC_APB1PeriphResetCmd
    stm32f10x_rcc.o(i.RCC_GetClocksFreq) refers to stm32f10x_rcc.o(.data) for .data
    stm32f10x_rcc.o(i.RCC_WaitForHSEStartUp) refers to stm32f10x_rcc.o(i.RCC_GetFlagStatus) for RCC_GetFlagStatus
    stm32f10x_spi.o(i.I2S_Init) refers to stm32f10x_rcc.o(i.RCC_GetClocksFreq) for RCC_GetClocksFreq
    stm32f10x_spi.o(i.SPI_I2S_DeInit) refers to stm32f10x_rcc.o(i.RCC_APB2PeriphResetCmd) for RCC_APB2PeriphResetCmd
    stm32f10x_spi.o(i.SPI_I2S_DeInit) refers to stm32f10x_rcc.o(i.RCC_APB1PeriphResetCmd) for RCC_APB1PeriphResetCmd
[...]
    BSP_Init                                 0x080008fd   Thumb Code    46  bsp.o(i.BSP_Init)
    BSP_Tick_Init                            0x0800092d   Thumb Code    22  bsp.o(i.BSP_Tick_Init)
    BusFault_Handler                         0x08000951   Thumb Code     2  stm32f10x_it.o(i.BusFault_Handler)
    CPU_Init                                 0x08000953   Thumb Code    14  cpu_core.o(i.CPU_Init)
    CPU_IntDisMeasMaxCurGet                  0x080009c1   Thumb Code    24  cpu_core.o(i.CPU_IntDisMeasMaxCurGet)
    CPU_IntDisMeasMaxCurReset                0x080009dd   Thumb Code    26  cpu_core.o(i.CPU_IntDisMeasMaxCurReset)
    CPU_IntDisMeasMaxGet                     0x080009fd   Thumb Code    24  cpu_core.o(i.CPU_IntDisMeasMaxGet)
    CPU_IntDisMeasStart                      0x08000a19   Thumb Code    30  cpu_core.o(i.CPU_IntDisMeasStart)
    CPU_IntDisMeasStop                       0x08000a3d   Thumb Code    44  cpu_core.o(i.CPU_IntDisMeasStop)
    CPU_TS_TmrFreqSet                        0x08000a7d   Thumb Code     6  cpu_core.o(i.CPU_TS_TmrFreqSet)
    CPU_TS_TmrInit                           0x08000a89   Thumb Code    38  bsp.o(i.CPU_TS_TmrInit)
    CPU_TS_TmrRd                             0x08000ab9   Thumb Code     6  bsp.o(i.CPU_TS_TmrRd)
    DMA1_Channel4_IRQHandler                 0x08000c49   Thumb Code    44  main.o(i.DMA1_Channel4_IRQHandler)
    DMA_ClearFlag                            0x08000c7d   Thumb Code    16  stm32f10x_dma.o(i.DMA_ClearFlag)
    DMA_ClearITPendingBit                    0x08000c95   Thumb Code    16  stm32f10x_dma.o(i.DMA_ClearITPendingBit)
    DMA_Cmd                                  0x08000cad   Thumb Code    26  stm32f10x_dma.o(i.DMA_Cmd)
    DMA_DeInit                               0x08000cc9   Thumb Code   238  stm32f10x_dma.o(i.DMA_DeInit)
    DMA_GetFlagStatus                        0x08000dc1   Thumb Code    26  stm32f10x_dma.o(i.DMA_GetFlagStatus)
    DMA_GetITStatus                          0x08000de5   Thumb Code    26  stm32f10x_dma.o(i.DMA_GetITStatus)
    DMA_ITConfig                             0x08000e09   Thumb Code    20  stm32f10x_dma.o(i.DMA_ITConfig)
    DMA_Init                                 0x08000e1d   Thumb Code    58  stm32f10x_dma.o(i.DMA_Init)
    DebugMon_Handler                         0x08000e7f   Thumb Code     2  stm32f10x_it.o(i.DebugMon_Handler)
    GPIO_Init                                0x0800104d   Thumb Code   166  stm32f10x_gpio.o(i.GPIO_Init)
    GPIO_ResetBits                           0x080010f3   Thumb Code     4  stm32f10x_gpio.o(i.GPIO_ResetBits)
    GPIO_SetBits                             0x080010f7   Thumb Code     4  stm32f10x_gpio.o(i.GPIO_SetBits)
    HardFault_Handler                        0x080010fb   Thumb Code     2  stm32f10x_it.o(i.HardFault_Handler)
    IINCHIP_READ                             0x080010fd   Thumb Code    48  w5500_conf.o(i.IINCHIP_READ)
    IINCHIP_SpiSendData                      0x0800112d   Thumb Code     4  w5500_conf.o(i.IINCHIP_SpiSendData)
    IINCHIP_WRITE                            0x08001131   Thumb Code    52  w5500_conf.o(i.IINCHIP_WRITE)
    IPTrans                                  0x08001165   Thumb Code    38  app.o(i.IPTrans)
    LED_GPIO_Config                          0x08001191   Thumb Code    92  bsp_led.o(i.LED_GPIO_Config)
    MemManage_Handler                        0x080011f1   Thumb Code     2  stm32f10x_it.o(i.MemManage_Handler)
    Mem_Init                                 0x080011f3   Thumb Code     2  lib_mem.o(i.Mem_Init)
    NMI_Handler                              0x080011f5   Thumb Code     2  stm32f10x_it.o(i.NMI_Handler)
    NVIC_Init                                0x080011f9   Thumb Code    96  misc.o(i.NVIC_Init)
    NVIC_PriorityGroupConfig                 0x0800125d   Thumb Code    10  misc.o(i.NVIC_PriorityGroupConfig)
    OSCfg_Init                               0x08001271   Thumb Code     2  os_cfg_app.o(i.OSCfg_Init)
    OSIdleTaskHook                           0x08001275   Thumb Code    20  os_cpu_c.o(i.OSIdleTaskHook)
    OSInit                                   0x08001291   Thumb Code   264  os_core.o(i.OSInit)
    OSInitHook                               0x080013e1   Thumb Code    40  os_cpu_c.o(i.OSInitHook)
    OSIntExit                                0x08001415   Thumb Code   142  os_core.o(i.OSIntExit)
    OSSched                                  0x080014c9   Thumb Code   100  os_core.o(i.OSSched)
    OSSchedLock                              0x0800154d   Thumb Code    84  os_core.o(i.OSSchedLock)
    OSSchedUnlock                            0x080015ad   Thumb Code   108  os_core.o(i.OSSchedUnlock)
    OSStart                                  0x08001625   Thumb Code    66  os_core.o(i.OSStart)
    OSStatReset                              0x08001681   Thumb Code   216  os_stat.o(i.OSStatReset)
    OSStatTaskCPUUsageInit                   0x08001781   Thumb Code   166  os_stat.o(i.OSStatTaskCPUUsageInit)
    OSStatTaskHook                           0x08001845   Thumb Code    12  os_cpu_c.o(i.OSStatTaskHook)
    OSTaskCreate                             0x08001855   Thumb Code   464  os_task.o(i.OSTaskCreate)
    OSTaskCreateHook                         0x08001a45   Thumb Code    12  os_cpu_c.o(i.OSTaskCreateHook)
    OSTaskDel                                0x08001a55   Thumb Code   326  os_task.o(i.OSTaskDel)
    OSTaskDelHook                            0x08001bb9   Thumb Code    12  os_cpu_c.o(i.OSTaskDelHook)
    OSTaskResume                             0x08001bc9   Thumb Code    96  os_task.o(i.OSTaskResume)
    OSTaskReturnHook                         0x08001c35   Thumb Code    12  os_cpu_c.o(i.OSTaskReturnHook)
    OSTaskSemPend                            0x08001c45   Thumb Code   374  os_task.o(i.OSTaskSemPend)
    OSTaskSemPost                            0x08001dc9   Thumb Code    82  os_task.o(i.OSTaskSemPost)
    OSTaskStkChk                             0x08001e25   Thumb Code   184  os_task.o(i.OSTaskStkChk)
    OSTaskStkInit                            0x08001ee5   Thumb Code    96  os_cpu_c.o(i.OSTaskStkInit)
    OSTaskSuspend                            0x08001f49   Thumb Code    68  os_task.o(i.OSTaskSuspend)
    OSTaskSwHook                             0x08001f9d   Thumb Code    66  os_cpu_c.o(i.OSTaskSwHook)
    OSTimeDly                                0x08001fed   Thumb Code   200  os_time.o(i.OSTimeDly)
    OSTimeDlyHMSM                            0x080020c1   Thumb Code   384  os_time.o(i.OSTimeDlyHMSM)
    OSTimeTick                               0x08002251   Thumb Code    52  os_time.o(i.OSTimeTick)
    OSTimeTickHook                           0x08002291   Thumb Code    12  os_cpu_c.o(i.OSTimeTickHook)
    OS_CPU_SysTickHandler                    0x080022a1   Thumb Code    42  os_cpu_c.o(i.OS_CPU_SysTickHandler)
    OS_CPU_SysTickInit                       0x080022d1   Thumb Code    36  os_cpu_c.o(i.OS_CPU_SysTickInit)
    OS_Dbg_Init                              0x080022f9   Thumb Code     2  os_dbg.o(i.OS_Dbg_Init)
    OS_FlagInit                              0x080022fd   Thumb Code    14  os_flag.o(i.OS_FlagInit)
    OS_FlagPost                              0x08002315   Thumb Code   406  os_flag.o(i.OS_FlagPost)
    OS_FlagTaskRdy                           0x080024b5   Thumb Code    64  os_flag.o(i.OS_FlagTaskRdy)
    OS_IdleTask                              0x080024f5   Thumb Code    42  os_core.o(i.OS_IdleTask)
    OS_IdleTaskInit                          0x08002529   Thumb Code    60  os_core.o(i.OS_IdleTaskInit)
    OS_IntQPost                              0x08002591   Thumb Code   152  os_int.o(i.OS_IntQPost)
    OS_IntQRePost                            0x0800264d   Thumb Code   214  os_int.o(i.OS_IntQRePost)
    OS_IntQTask                              0x08002759   Thumb Code   128  os_int.o(i.OS_IntQTask)
    OS_IntQTaskInit                          0x080027e9   Thumb Code   188  os_int.o(i.OS_IntQTaskInit)
    OS_MemInit                               0x080028fd   Thumb Code    14  os_mem.o(i.OS_MemInit)
    OS_MsgPoolInit                           0x08002915   Thumb Code    96  os_msg.o(i.OS_MsgPoolInit)
    OS_MsgQFreeAll                           0x08002981   Thumb Code    50  os_msg.o(i.OS_MsgQFreeAll)
    OS_MsgQInit                              0x080029b9   Thumb Code    14  os_msg.o(i.OS_MsgQInit)
    OS_MsgQPut                               0x080029c9   Thumb Code   138  os_msg.o(i.OS_MsgQPut)
    OS_MutexInit                             0x08002a59   Thumb Code    14  os_mutex.o(i.OS_MutexInit)
    OS_Pend                                  0x08002a71   Thumb Code    74  os_core.o(i.OS_Pend)
    OS_PendDataInit                          0x08002ac1   Thumb Code    38  os_core.o(i.OS_PendDataInit)
    OS_PendDbgNameAdd                        0x08002ae9   Thumb Code    60  os_core.o(i.OS_PendDbgNameAdd)
    OS_PendDbgNameRemove                     0x08002b3d   Thumb Code    30  os_core.o(i.OS_PendDbgNameRemove)
    OS_PendListInsertPrio                    0x08002b61   Thumb Code    92  os_core.o(i.OS_PendListInsertPrio)
    OS_PendListRemove                        0x08002bbd   Thumb Code    38  os_core.o(i.OS_PendListRemove)
    OS_PendListRemove1                       0x08002be3   Thumb Code    54  os_core.o(i.OS_PendListRemove1)
    OS_Post                                  0x08002c19   Thumb Code   152  os_core.o(i.OS_Post)
    OS_Post1                                 0x08002cb1   Thumb Code    38  os_core.o(i.OS_Post1)
    OS_PrioGetHighest                        0x08002cd9   Thumb Code    32  os_prio.o(i.OS_PrioGetHighest)
    OS_PrioInit                              0x08002cfd   Thumb Code    18  os_prio.o(i.OS_PrioInit)
    OS_PrioInsert                            0x08002d15   Thumb Code    28  os_prio.o(i.OS_PrioInsert)
    OS_PrioRemove                            0x08002d35   Thumb Code    28  os_prio.o(i.OS_PrioRemove)
    OS_QInit                                 0x08002d55   Thumb Code    14  os_q.o(i.OS_QInit)
    OS_QPost                                 0x08002d6d   Thumb Code   250  os_q.o(i.OS_QPost)
    OS_RdyListInit                           0x08002e71   Thumb Code    30  os_core.o(i.OS_RdyListInit)
    OS_RdyListInsert                         0x08002e95   Thumb Code    44  os_core.o(i.OS_RdyListInsert)
    OS_RdyListInsertHead                     0x08002ec5   Thumb Code    54  os_core.o(i.OS_RdyListInsertHead)
    OS_RdyListInsertTail                     0x08002f01   Thumb Code    52  os_core.o(i.OS_RdyListInsertTail)
    OS_RdyListRemove                         0x08002f39   Thumb Code    80  os_core.o(i.OS_RdyListRemove)
    OS_Sched0                                0x08002f8d   Thumb Code    50  os_core.o(i.OS_Sched0)
    OS_SemInit                               0x08002fd5   Thumb Code    14  os_sem.o(i.OS_SemInit)
    OS_SemPost                               0x08002fed   Thumb Code   204  os_sem.o(i.OS_SemPost)
    OS_StatTask                              0x080030bd   Thumb Code   618  os_stat.o(i.OS_StatTask)
    OS_StatTaskInit                          0x08003371   Thumb Code   124  os_stat.o(i.OS_StatTaskInit)
    OS_TaskBlock                             0x08003431   Thumb Code    52  os_core.o(i.OS_TaskBlock)
    OS_TaskDbgListAdd                        0x08003465   Thumb Code    32  os_task.o(i.OS_TaskDbgListAdd)
    OS_TaskDbgListRemove                     0x08003489   Thumb Code    58  os_task.o(i.OS_TaskDbgListRemove)
    OS_TaskInit                              0x080034c9   Thumb Code    18  os_task.o(i.OS_TaskInit)
    OS_TaskInitTCB                           0x080034e9   Thumb Code   164  os_task.o(i.OS_TaskInitTCB)
    OS_TaskQPost                             0x08003599   Thumb Code   398  os_task.o(i.OS_TaskQPost)
    OS_TaskRdy                               0x08003735   Thumb Code    30  os_core.o(i.OS_TaskRdy)
    OS_TaskResume                            0x08003755   Thumb Code   252  os_task.o(i.OS_TaskResume)
    OS_TaskReturn                            0x08003855   Thumb Code    20  os_task.o(i.OS_TaskReturn)
    OS_TaskSemPost                           0x0800386d   Thumb Code   522  os_task.o(i.OS_TaskSemPost)
    OS_TaskSuspend                           0x08003a85   Thumb Code   252  os_task.o(i.OS_TaskSuspend)
    OS_TickListInit                          0x08003b89   Thumb Code    34  os_tick.o(i.OS_TickListInit)
    OS_TickListInsert                        0x08003bb5   Thumb Code   228  os_tick.o(i.OS_TickListInsert)
    OS_TickListRemove                        0x08003ca5   Thumb Code    54  os_tick.o(i.OS_TickListRemove)
    OS_TickListResetPeak                     0x08003cdd   Thumb Code    30  os_tick.o(i.OS_TickListResetPeak)
    OS_TickListUpdate                        0x08003d05   Thumb Code   374  os_tick.o(i.OS_TickListUpdate)
    OS_TickTask                              0x08003e95   Thumb Code    36  os_tick.o(i.OS_TickTask)
    OS_TickTaskInit                          0x08003ebd   Thumb Code   116  os_tick.o(i.OS_TickTaskInit)
    OS_TmrInit                               0x08003f69   Thumb Code   182  os_tmr.o(i.OS_TmrInit)
    OS_TmrLink                               0x08004079   Thumb Code   166  os_tmr.o(i.OS_TmrLink)
    OS_TmrResetPeak                          0x0800412d   Thumb Code    30  os_tmr.o(i.OS_TmrResetPeak)
    OS_TmrTask                               0x08004155   Thumb Code   160  os_tmr.o(i.OS_TmrTask)
    OS_TmrUnlink                             0x08004205   Thumb Code    68  os_tmr.o(i.OS_TmrUnlink)
    ProcessCmd                               0x08004251   Thumb Code   456  app.o(i.ProcessCmd)
    RCC_AHBPeriphClockCmd                    0x0800453d   Thumb Code    22  stm32f10x_rcc.o(i.RCC_AHBPeriphClockCmd)
    RCC_APB1PeriphClockCmd                   0x08004559   Thumb Code    22  stm32f10x_rcc.o(i.RCC_APB1PeriphClockCmd)
    RCC_APB2PeriphClockCmd                   0x08004575   Thumb Code    22  stm32f10x_rcc.o(i.RCC_APB2PeriphClockCmd)
    RCC_GetClocksFreq                        0x08004591   Thumb Code   154  stm32f10x_rcc.o(i.RCC_GetClocksFreq)
    SDIO_ClearFlag                           0x0800471d   Thumb Code     6  stm32f10x_sdio.o(i.SDIO_ClearFlag)
    SDIO_ClearITPendingBit                   0x08004729   Thumb Code     6  stm32f10x_sdio.o(i.SDIO_ClearITPendingBit)
    SDIO_ClockCmd                            0x08004735   Thumb Code     6  stm32f10x_sdio.o(i.SDIO_ClockCmd)
    SDIO_DMACmd                              0x08004741   Thumb Code     6  stm32f10x_sdio.o(i.SDIO_DMACmd)
    SDIO_DataConfig                          0x0800474d   Thumb Code    38  stm32f10x_sdio.o(i.SDIO_DataConfig)
    SDIO_DeInit                              0x08004779   Thumb Code    26  stm32f10x_sdio.o(i.SDIO_DeInit)
    SDIO_GetCommandResponse                  0x0800479d   Thumb Code     8  stm32f10x_sdio.o(i.SDIO_GetCommandResponse)
    SDIO_GetFlagStatus                       0x080047a9   Thumb Code    16  stm32f10x_sdio.o(i.SDIO_GetFlagStatus)
    SDIO_GetPowerState                       0x080047bd   Thumb Code    10  stm32f10x_sdio.o(i.SDIO_GetPowerState)
    SDIO_GetResponse                         0x080047cd   Thumb Code    14  stm32f10x_sdio.o(i.SDIO_GetResponse)
    SDIO_IRQHandler                          0x080047e1   Thumb Code     4  stm32f10x_it.o(i.SDIO_IRQHandler)
    SDIO_ITConfig                            0x080047e5   Thumb Code    22  stm32f10x_sdio.o(i.SDIO_ITConfig)
    SDIO_Init                                0x08004801   Thumb Code    40  stm32f10x_sdio.o(i.SDIO_Init)
    SDIO_NVIC_Configuration                  0x0800482d   Thumb Code    40  bsp_sdio_sdcard.o(i.SDIO_NVIC_Configuration)
    SDIO_ReadData                            0x08004855   Thumb Code     6  stm32f10x_sdio.o(i.SDIO_ReadData)
    SDIO_SendCommand                         0x08004861   Thumb Code    34  stm32f10x_sdio.o(i.SDIO_SendCommand)
    SDIO_SetPowerState                       0x08004889   Thumb Code    18  stm32f10x_sdio.o(i.SDIO_SetPowerState)
    SD_EnableWideBusOperation                0x08004969   Thumb Code   132  bsp_sdio_sdcard.o(i.SD_EnableWideBusOperation)
    SD_GetCardInfo                           0x080049f5   Thumb Code   570  bsp_sdio_sdcard.o(i.SD_GetCardInfo)
    SD_GetState                              0x08004c39   Thumb Code    26  bsp_sdio_sdcard.o(i.SD_GetState)
    SD_GetStatus                             0x08004c53   Thumb Code    26  bsp_sdio_sdcard.o(i.SD_GetStatus)
    SD_Init                                  0x08004c6d   Thumb Code    90  bsp_sdio_sdcard.o(i.SD_Init)
    SD_InitializeCards                       0x08004ccd   Thumb Code   270  bsp_sdio_sdcard.o(i.SD_InitializeCards)
    SD_PowerON                               0x08004de5   Thumb Code   354  bsp_sdio_sdcard.o(i.SD_PowerON)
    SD_ProcessIRQSrc                         0x08004f55   Thumb Code    60  bsp_sdio_sdcard.o(i.SD_ProcessIRQSrc)
    SD_ReadBlock                             0x08004f99   Thumb Code   168  bsp_sdio_sdcard.o(i.SD_ReadBlock)
    SD_ReadMultiBlocks                       0x0800504d   Thumb Code   192  bsp_sdio_sdcard.o(i.SD_ReadMultiBlocks)
    SD_SelectDeselect                        0x08005119   Thumb Code    40  bsp_sdio_sdcard.o(i.SD_SelectDeselect)
    SD_SendStatus                            0x08005145   Thumb Code    36  bsp_sdio_sdcard.o(i.SD_SendStatus)
    SD_WaitReadOperation                     0x08005171   Thumb Code    34  bsp_sdio_sdcard.o(i.SD_WaitReadOperation)
    SD_WaitWriteOperation                    0x08005199   Thumb Code    42  bsp_sdio_sdcard.o(i.SD_WaitWriteOperation)
    SD_WriteBlock                            0x080051c9   Thumb Code   164  bsp_sdio_sdcard.o(i.SD_WriteBlock)
    SD_WriteMultiBlocks                      0x08005279   Thumb Code   270  bsp_sdio_sdcard.o(i.SD_WriteMultiBlocks)
    SPI2_Configuration                       0x08005395   Thumb Code    22  app.o(i.SPI2_Configuration)
    SPI2_IRQHandler                          0x08005465   Thumb Code    20  stm32f10x_it.o(i.SPI2_IRQHandler)
    SPI_Cmd                                  0x080054e9   Thumb Code    24  stm32f10x_spi.o(i.SPI_Cmd)
    SPI_I2S_DMACmd                           0x08005501   Thumb Code    20  stm32f10x_spi.o(i.SPI_I2S_DMACmd)
    SPI_I2S_GetFlagStatus                    0x08005515   Thumb Code    14  stm32f10x_spi.o(i.SPI_I2S_GetFlagStatus)
    SPI_I2S_ReceiveData                      0x08005523   Thumb Code     4  stm32f10x_spi.o(i.SPI_I2S_ReceiveData)
    SPI_I2S_SendData                         0x08005527   Thumb Code     4  stm32f10x_spi.o(i.SPI_I2S_SendData)
    SPI_Init                                 0x0800552b   Thumb Code    56  stm32f10x_spi.o(i.SPI_Init)
    SPI_SendByte                             0x08005565   Thumb Code    48  w5500_conf.o(i.SPI_SendByte)
    SVC_Handler                              0x08005599   Thumb Code     2  stm32f10x_it.o(i.SVC_Handler)
    SaveData                                 0x0800559d   Thumb Code    80  app.o(i.SaveData)
    SendData                                 0x08005625   Thumb Code   262  app.o(i.SendData)
    SystemInit                               0x08005905   Thumb Code    64  system_stm32f10x.o(i.SystemInit)
    TIM2_IRQHandler                          0x08005955   Thumb Code    34  stm32f10x_it.o(i.TIM2_IRQHandler)
    TIM_ClearITPendingBit                    0x08005977   Thumb Code     6  stm32f10x_tim.o(i.TIM_ClearITPendingBit)
    TIM_GetITStatus                          0x0800597d   Thumb Code    24  stm32f10x_tim.o(i.TIM_GetITStatus)
    USART1_Config                            0x08005995   Thumb Code   142  bsp_usart1.o(i.USART1_Config)
    USART1_IRQHandler                        0x08005a2d   Thumb Code    82  main.o(i.USART1_IRQHandler)
    USART1_NVIC_Config                       0x08005a91   Thumb Code    40  bsp_usart1.o(i.USART1_NVIC_Config)
    USART_ClearFlag                          0x08005ab9   Thumb Code     8  stm32f10x_usart.o(i.USART_ClearFlag)
    USART_ClearITPendingBit                  0x08005ac1   Thumb Code    16  stm32f10x_usart.o(i.USART_ClearITPendingBit)
    USART_Cmd                                0x08005ad1   Thumb Code    24  stm32f10x_usart.o(i.USART_Cmd)
    USART_GetFlagStatus                      0x08005ae9   Thumb Code    14  stm32f10x_usart.o(i.USART_GetFlagStatus)
    USART_GetITStatus                        0x08005af7   Thumb Code    64  stm32f10x_usart.o(i.USART_GetITStatus)
    USART_ITConfig                           0x08005b37   Thumb Code    54  stm32f10x_usart.o(i.USART_ITConfig)
    USART_Init                               0x08005b6d   Thumb Code   182  stm32f10x_usart.o(i.USART_Init)
    USART_ReceiveData                        0x08005c29   Thumb Code     8  stm32f10x_usart.o(i.USART_ReceiveData)
    USART_SendData                           0x08005c31   Thumb Code     8  stm32f10x_usart.o(i.USART_SendData)
    UsageFault_Handler                       0x08005c39   Thumb Code     2  stm32f10x_it.o(i.UsageFault_Handler)
    W5500_Config                             0x08005c3d   Thumb Code    30  w5500_conf.o(i.W5500_Config)
    __0printf$8                              0x08005c65   Thumb Code    22  printf8.o(i.__0printf$8)
    __1printf$8                              0x08005c65   Thumb Code     0  printf8.o(i.__0printf$8)
    __2printf                                0x08005c65   Thumb Code     0  printf8.o(i.__0printf$8)
    __aeabi_errno_addr                       0x08005c85   Thumb Code     4  errno.o(i.__aeabi_errno_addr)
    __rt_errno_addr                          0x08005c85   Thumb Code     0  errno.o(i.__aeabi_errno_addr)
    __scatterload_copy                       0x08005c8d   Thumb Code    14  handlers.o(i.__scatterload_copy)
    __scatterload_null                       0x08005c9b   Thumb Code     2  handlers.o(i.__scatterload_null)
    __scatterload_zeroinit                   0x08005c9d   Thumb Code    14  handlers.o(i.__scatterload_zeroinit)
    close                                    0x08006485   Thumb Code    48  socket.o(i.close)
    clust2sect                               0x080064b5   Thumb Code    24  ff.o(i.clust2sect)
    connect                                  0x0800654d   Thumb Code   230  socket.o(i.connect)
    delay_ms                                 0x08006905   Thumb Code    36  utility.o(i.delay_ms)
    delay_s                                  0x0800692d   Thumb Code    26  utility.o(i.delay_s)
    delay_us                                 0x08006949   Thumb Code    36  utility.o(i.delay_us)
    disk_initialize                          0x08006d1b   Thumb Code    24  diskio.o(i.disk_initialize)
    disk_ioctl                               0x08006d33   Thumb Code     4  diskio.o(i.disk_ioctl)
    disk_read                                0x08006d39   Thumb Code   128  diskio.o(i.disk_read)
    disk_status                              0x08006dbd   Thumb Code     4  diskio.o(i.disk_status)
    disk_write                               0x08006dc1   Thumb Code   130  diskio.o(i.disk_write)
    ee_ReadBytes                             0x08006e49   Thumb Code   106  bsp_i2c_ee.o(i.ee_ReadBytes)
    ee_WriteBytes                            0x08006eb3   Thumb Code   108  bsp_i2c_ee.o(i.ee_WriteBytes)
    f_close                                  0x08006f1f   Thumb Code    20  ff.o(i.f_close)
    f_mount                                  0x08006f35   Thumb Code    28  ff.o(i.f_mount)
    f_open                                   0x08006f55   Thumb Code   368  ff.o(i.f_open)
    f_read                                   0x080070c5   Thumb Code   388  ff.o(i.f_read)
    f_sync                                   0x08007249   Thumb Code   164  ff.o(i.f_sync)
    f_write                                  0x080072ed   Thumb Code   442  ff.o(i.f_write)
    ff_convert                               0x080074a9   Thumb Code    78  cc936.o(i.ff_convert)
    ff_wtoupper                              0x08007501   Thumb Code    34  cc936.o(i.ff_wtoupper)
    fputc                                    0x08007611   Thumb Code    30  bsp_usart1.o(i.fputc)
    gen_numname                              0x08007635   Thumb Code   130  ff.o(i.gen_numname)
    getGAR                                   0x080076b7   Thumb Code    10  w5500.o(i.getGAR)
    getIINCHIP_TxMAX                         0x080076c1   Thumb Code     8  w5500.o(i.getIINCHIP_TxMAX)
    getSIPR                                  0x080076cd   Thumb Code    12  w5500.o(i.getSIPR)
    getSUBR                                  0x080076d9   Thumb Code    12  w5500.o(i.getSUBR)
    getSn_IR                                 0x080076e5   Thumb Code    12  w5500.o(i.getSn_IR)
    getSn_SR                                 0x080076f1   Thumb Code    12  w5500.o(i.getSn_SR)
    getSn_TX_FSR                             0x080076fd   Thumb Code    74  w5500.o(i.getSn_TX_FSR)
    get_fat                                  0x08007747   Thumb Code   202  ff.o(i.get_fat)
    get_fattime                              0x08007811   Thumb Code     4  diskio.o(i.get_fattime)
    gpio_for_w5500_config                    0x08007815   Thumb Code   236  w5500_conf.o(i.gpio_for_w5500_config)
    i2c_Ack                                  0x0800790d   Thumb Code    36  bsp_i2c_gpio.o(i.i2c_Ack)
    i2c_CfgGpio                              0x08007935   Thumb Code    42  bsp_i2c_gpio.o(i.i2c_CfgGpio)
    i2c_NAck                                 0x08007971   Thumb Code    32  bsp_i2c_gpio.o(i.i2c_NAck)
    i2c_ReadByte                             0x08007995   Thumb Code    68  bsp_i2c_gpio.o(i.i2c_ReadByte)
    i2c_SendByte                             0x080079dd   Thumb Code    78  bsp_i2c_gpio.o(i.i2c_SendByte)
    i2c_Start                                0x08007a31   Thumb Code    36  bsp_i2c_gpio.o(i.i2c_Start)
    i2c_Stop                                 0x08007a59   Thumb Code    24  bsp_i2c_gpio.o(i.i2c_Stop)
    i2c_WaitAck                              0x08007a75   Thumb Code    50  bsp_i2c_gpio.o(i.i2c_WaitAck)
    iinchip_csoff                            0x08007aad   Thumb Code     6  w5500_conf.o(i.iinchip_csoff)
    iinchip_cson                             0x08007ab3   Thumb Code     6  w5500_conf.o(i.iinchip_cson)
    main                                     0x08007ab9   Thumb Code    70  main.o(i.main)
    put_fat                                  0x08007bc3   Thumb Code   246  ff.o(i.put_fat)
    read_config_from_eeprom                  0x08007cb9   Thumb Code    22  w5500_conf.o(i.read_config_from_eeprom)
    reset_w5500                              0x08007d3d   Thumb Code    38  w5500_conf.o(i.reset_w5500)
    reset_w5500_ip                           0x08007d69   Thumb Code    62  w5500_conf.o(i.reset_w5500_ip)
    send                                     0x08007dad   Thumb Code   174  socket.o(i.send)
    send_data_processing                     0x08007e71   Thumb Code   106  w5500.o(i.send_data_processing)
    setGAR                                   0x08007efd   Thumb Code    10  w5500.o(i.setGAR)
    setSHAR                                  0x08007f07   Thumb Code    12  w5500.o(i.setSHAR)
    setSIPR                                  0x08007f13   Thumb Code    12  w5500.o(i.setSIPR)
    setSUBR                                  0x08007f1f   Thumb Code    12  w5500.o(i.setSUBR)
    set_w5500_ip                             0x08007f2d   Thumb Code   278  w5500_conf.o(i.set_w5500_ip)
    set_w5500_mac                            0x0800815d   Thumb Code    16  w5500_conf.o(i.set_w5500_mac)
    socket                                   0x08008175   Thumb Code   150  socket.o(i.socket)
    socket_buf_init                          0x08008211   Thumb Code   124  w5500.o(i.socket_buf_init)
    systick_init                             0x08008369   Thumb Code    38  utility.o(i.systick_init)
    timer2_isr                               0x08008395   Thumb Code    32  w5500_conf.o(i.timer2_isr)
    wiz_cs                                   0x080083e1   Thumb Code    28  w5500_conf.o(i.wiz_cs)
    wiz_read_buf                             0x08008401   Thumb Code    78  w5500_conf.o(i.wiz_read_buf)
    wiz_write_buf                            0x08008469   Thumb Code    80  w5500_conf.o(i.wiz_write_buf)
    write_config_to_eeprom                   0x080084d1   Thumb Code    22  w5500_conf.o(i.write_config_to_eeprom)
    write_server_config_to_eeprom            0x080084ed   Thumb Code    16  w5500_conf.o(i.write_server_config_to_eeprom)
    OSCfg_IdleTaskStkBasePtr                 0x080084fc   Data           4  os_cfg_app.o(.constdata)
    OSCfg_IdleTaskStkLimit                   0x08008500   Data           4  os_cfg_app.o(.constdata)
    OSCfg_IdleTaskStkSize                    0x08008504   Data           4  os_cfg_app.o(.constdata)
    OSCfg_IntQBasePtr                        0x08008508   Data           4  os_cfg_app.o(.constdata)
    OSCfg_IntQSize                           0x0800850c   Data           2  os_cfg_app.o(.constdata)
    OSCfg_IntQTaskStkBasePtr                 0x08008510   Data           4  os_cfg_app.o(.constdata)
    OSCfg_IntQTaskStkLimit                   0x08008514   Data           4  os_cfg_app.o(.constdata)
    OSCfg_IntQTaskStkSize                    0x08008518   Data           4  os_cfg_app.o(.constdata)
    OSCfg_ISRStkBasePtr                      0x0800851c   Data           4  os_cfg_app.o(.constdata)
    OSCfg_ISRStkSize                         0x08008520   Data           4  os_cfg_app.o(.constdata)
    OSCfg_MsgPoolSize                        0x08008524   Data           2  os_cfg_app.o(.constdata)
    OSCfg_MsgPoolBasePtr                     0x08008528   Data           4  os_cfg_app.o(.constdata)
    OSCfg_StatTaskPrio                       0x0800852c   Data           1  os_cfg_app.o(.constdata)
    OSCfg_StatTaskRate_Hz                    0x08008530   Data           4  os_cfg_app.o(.constdata)
    OSCfg_StatTaskStkBasePtr                 0x08008534   Data           4  os_cfg_app.o(.constdata)
    OSCfg_StatTaskStkLimit                   0x08008538   Data           4  os_cfg_app.o(.constdata)
    OSCfg_StatTaskStkSize                    0x0800853c   Data           4  os_cfg_app.o(.constdata)
    OSCfg_StkSizeMin                         0x08008540   Data           4  os_cfg_app.o(.constdata)
    OSCfg_TickRate_Hz                        0x08008544   Data           4  os_cfg_app.o(.constdata)
    OSCfg_TickTaskPrio                       0x08008548   Data           1  os_cfg_app.o(.constdata)
    OSCfg_TickTaskStkBasePtr                 0x0800854c   Data           4  os_cfg_app.o(.constdata)
    OSCfg_TickTaskStkLimit                   0x08008550   Data           4  os_cfg_app.o(.constdata)
    OSCfg_TickTaskStkSize                    0x08008554   Data           4  os_cfg_app.o(.constdata)
    OSCfg_TickWheelSize                      0x08008558   Data           2  os_cfg_app.o(.constdata)
    OSCfg_TmrTaskPrio                        0x0800855a   Data           1  os_cfg_app.o(.constdata)
    OSCfg_TmrTaskRate_Hz                     0x0800855c   Data           4  os_cfg_app.o(.constdata)
    OSCfg_TmrTaskStkBasePtr                  0x08008560   Data           4  os_cfg_app.o(.constdata)
    OSCfg_TmrTaskStkLimit                    0x08008564   Data           4  os_cfg_app.o(.constdata)
    OSCfg_TmrTaskStkSize                     0x08008568   Data           4  os_cfg_app.o(.constdata)
    OSCfg_TmrWheelSize                       0x0800856c   Data           2  os_cfg_app.o(.constdata)
    __ctype_table                            0x08033243   Data         129  ctype_o.o(.constdata)
    Region$$Table$$Base                      0x080332c8   Number         0  anon$$obj.o(Region$$Table)
    Region$$Table$$Limit                     0x080332e8   Number         0  anon$$obj.o(Region$$Table)
    counter                                  0x20000014   Data           1  main.o(.data)
    buf_flag                                 0x20000015   Data           1  main.o(.data)
    CPU_IntDisMeasCtr                        0x20000018   Data           2  cpu_core.o(.data)
    CPU_IntDisNestCtr                        0x2000001a   Data           2  cpu_core.o(.data)
    CPU_TS_TmrFreq_Hz                        0x2000001c   Data           4  cpu_core.o(.data)
    CPU_IntDisMeasStart_cnts                 0x20000020   Data           4  cpu_core.o(.data)
    CPU_IntDisMeasStop_cnts                  0x20000024   Data           4  cpu_core.o(.data)
    CPU_IntDisMeasOvrhd_cnts                 0x20000028   Data           4  cpu_core.o(.data)
    CPU_IntDisMeasMaxCur_cnts                0x2000002c   Data           4  cpu_core.o(.data)
    CPU_IntDisMeasMax_cnts                   0x20000030   Data           4  cpu_core.o(.data)
    OSPrioTbl                                0x20000034   Data           4  os_prio.o(.data)
    OS_AppTaskCreateHookPtr                  0x20000038   Data           4  os_var.o(.data)
    OS_AppTaskDelHookPtr                     0x2000003c   Data           4  os_var.o(.data)
    OS_AppTaskReturnHookPtr                  0x20000040   Data           4  os_var.o(.data)
    OS_AppIdleTaskHookPtr                    0x20000044   Data           4  os_var.o(.data)
    OS_AppStatTaskHookPtr                    0x20000048   Data           4  os_var.o(.data)
    OS_AppTaskSwHookPtr                      0x2000004c   Data           4  os_var.o(.data)
    OS_AppTimeTickHookPtr                    0x20000050   Data           4  os_var.o(.data)
    OSIdleTaskCtr                            0x20000054   Data           4  os_var.o(.data)
    OSIntNestingCtr                          0x20000058   Data           1  os_var.o(.data)
    OSIntDisTimeMax                          0x2000005c   Data           4  os_var.o(.data)
    OSRunning                                0x20000060   Data           1  os_var.o(.data)
    OSIntQInPtr                              0x20000064   Data           4  os_var.o(.data)
    OSIntQOutPtr                             0x20000068   Data           4  os_var.o(.data)
    OSIntQNbrEntries                         0x2000006c   Data           2  os_var.o(.data)
    OSIntQNbrEntriesMax                      0x2000006e   Data           2  os_var.o(.data)
    OSIntQOvfCtr                             0x20000070   Data           2  os_var.o(.data)
    OSIntQTaskTimeMax                        0x20000074   Data           4  os_var.o(.data)
    OSFlagDbgListPtr                         0x20000078   Data           4  os_var.o(.data)
    OSFlagQty                                0x2000007c   Data           2  os_var.o(.data)
    OSMemDbgListPtr                          0x20000080   Data           4  os_var.o(.data)
    OSMemQty                                 0x20000084   Data           2  os_var.o(.data)
    OSMutexDbgListPtr                        0x20000088   Data           4  os_var.o(.data)
    OSMutexQty                               0x2000008c   Data           2  os_var.o(.data)
    OSPrioCur                                0x2000008e   Data           1  os_var.o(.data)
    OSPrioHighRdy                            0x2000008f   Data           1  os_var.o(.data)
    OSPrioSaved                              0x20000090   Data           1  os_var.o(.data)
    OSQDbgListPtr                            0x20000094   Data           4  os_var.o(.data)
    OSQQty                                   0x20000098   Data           2  os_var.o(.data)
    OSSchedLockNestingCtr                    0x2000009a   Data           1  os_var.o(.data)
    OSSemDbgListPtr                          0x2000009c   Data           4  os_var.o(.data)
    OSSemQty                                 0x200000a0   Data           2  os_var.o(.data)
    OSStatResetFlag                          0x200000a2   Data           1  os_var.o(.data)
    OSStatTaskCPUUsage                       0x200000a4   Data           2  os_var.o(.data)
    OSStatTaskCPUUsageMax                    0x200000a6   Data           2  os_var.o(.data)
    OSStatTaskCtr                            0x200000a8   Data           4  os_var.o(.data)
    OSStatTaskCtrMax                         0x200000ac   Data           4  os_var.o(.data)
    OSStatTaskCtrRun                         0x200000b0   Data           4  os_var.o(.data)
    OSStatTaskRdy                            0x200000b4   Data           1  os_var.o(.data)
    OSStatTaskTimeMax                        0x200000b8   Data           4  os_var.o(.data)
    OSTaskCtxSwCtr                           0x200000bc   Data           4  os_var.o(.data)
    OSTaskDbgListPtr                         0x200000c0   Data           4  os_var.o(.data)
    OSTaskQty                                0x200000c4   Data           2  os_var.o(.data)
    OSTaskRegNextAvailID                     0x200000c6   Data           1  os_var.o(.data)
    OSTickCtr                                0x200000c8   Data           4  os_var.o(.data)
    OSTickTaskTimeMax                        0x200000cc   Data           4  os_var.o(.data)
    OSTmrDbgListPtr                          0x200000d0   Data           4  os_var.o(.data)
    OSTmrTaskTimeMax                         0x200000d4   Data           4  os_var.o(.data)
    OSTmrTickCtr                             0x200000d8   Data           4  os_var.o(.data)
    OSTmrUpdateCnt                           0x200000dc   Data           4  os_var.o(.data)
    OSTmrUpdateCtr                           0x200000e0   Data           4  os_var.o(.data)
    OSTCBCurPtr                              0x200000e4   Data           4  os_var.o(.data)
    OSTCBHighRdyPtr                          0x200000e8   Data           4  os_var.o(.data)
    OS_CPU_ExceptStkBase                     0x200000ec   Data           4  os_cpu_c.o(.data)
    TransferError                            0x200000f0   Data           1  bsp_sdio_sdcard.o(.data)
    StopCondition                            0x200000fc   Data           4  bsp_sdio_sdcard.o(.data)
    TransferEnd                              0x20000100   Data           4  bsp_sdio_sdcard.o(.data)
    FILE_OPENED                              0x20000104   Data           1  app.o(.data)
    STOP_FLAG                                0x20000105   Data           1  app.o(.data)
    bw                                       0x20000108   Data           4  app.o(.data)
    SSIZE                                    0x20000110   Data          16  w5500.o(.data)
    RSIZE                                    0x20000120   Data          16  w5500.o(.data)
    txsize                                   0x20000130   Data           8  w5500.o(.data)
    rxsize                                   0x20000138   Data           8  w5500.o(.data)
    ip_from                                  0x20000140   Data           1  w5500_conf.o(.data)
    ntptimer                                 0x20000141   Data           1  w5500_conf.o(.data)
    remote_port                              0x20000142   Data           2  w5500_conf.o(.data)
    local_ip                                 0x20000144   Data           4  w5500_conf.o(.data)
    subnet                                   0x20000148   Data           4  w5500_conf.o(.data)
    gateway                                  0x2000014c   Data           4  w5500_conf.o(.data)
    dns_server                               0x20000150   Data           4  w5500_conf.o(.data)
    remote_ip                                0x20000154   Data           4  w5500_conf.o(.data)
    ms                                       0x20000158   Data           4  w5500_conf.o(.data)
    dhcp_time                                0x2000015c   Data           4  w5500_conf.o(.data)
    mac                                      0x20000160   Data           6  w5500_conf.o(.data)
    local_port                               0x20000166   Data           2  w5500_conf.o(.data)
    __stdout                                 0x20000174   Data           4  stdout.o(.data)
    cmd                                      0x2000017c   Data          50  main.o(.bss)
    fs                                       0x200001b0   Data         560  main.o(.bss)
    fil                                      0x200003e0   Data         548  main.o(.bss)
    AppTaskSendDataTCB                       0x20000b8c   Data         196  main.o(.bss)
    OSCfg_IdleTaskStk                        0x20001dd8   Data         512  os_cfg_app.o(.bss)
    OSCfg_IntQ                               0x20001fd8   Data         320  os_cfg_app.o(.bss)
    OSCfg_IntQTaskStk                        0x20002118   Data         512  os_cfg_app.o(.bss)
    OSCfg_ISRStk                             0x20002318   Data         512  os_cfg_app.o(.bss)
    OSCfg_MsgPool                            0x20002518   Data        1600  os_cfg_app.o(.bss)
    OSCfg_StatTaskStk                        0x20002b58   Data         512  os_cfg_app.o(.bss)
    OSCfg_TickTaskStk                        0x20002d58   Data         512  os_cfg_app.o(.bss)
    OSCfg_TickWheel                          0x20002f58   Data         136  os_cfg_app.o(.bss)
    OSCfg_TmrTaskStk                         0x20002fe0   Data         512  os_cfg_app.o(.bss)
    OSCfg_TmrWheel                           0x200031e0   Data         136  os_cfg_app.o(.bss)
    OSIdleTaskTCB                            0x20003268   Data         196  os_var.o(.bss)
    OSIntQTaskTCB                            0x2000332c   Data         196  os_var.o(.bss)
    OSMsgPool                                0x200033f0   Data          12  os_var.o(.bss)
    OSRdyList                                0x200033fc   Data         384  os_var.o(.bss)
    OSStatTaskTCB                            0x2000357c   Data         196  os_var.o(.bss)
    OSTickTaskTCB                            0x20003640   Data         196  os_var.o(.bss)
    OSTmrTaskTCB                             0x20003704   Data         196  os_var.o(.bss)
    SDCardInfo                               0x200037f8   Data          80  bsp_sdio_sdcard.o(.bss)
    SDIO_InitStructure                       0x20003848   Data          24  bsp_sdio_sdcard.o(.bss)
    SDIO_CmdInitStructure                    0x20003860   Data          20  bsp_sdio_sdcard.o(.bss)
    SDIO_DataInitStructure                   0x20003874   Data          24  bsp_sdio_sdcard.o(.bss)
    DataBuffer                               0x2000388c   Data       20480  app.o(.bss)
    ConfigMsg                                0x2000888c   Data          30  w5500_conf.o(.bss)
    EEPROM_MSG                               0x200088aa   Data          24  w5500_conf.o(.bss)
    align_buffer                             0x200088c4   Data         512  diskio.o(.bss)
    __initial_sp                             0x20008ec8   Data           0  startup_stm32f10x_hd.o(STACK)



==============================================================================

Memory Map of the image

  Image Entry point : 0x08000131

  Load Region LR_IROM1 (Base: 0x08000000, Size: 0x00033464, Max: 0x00080000, ABSOLUTE, COMPRESSED[0x00033320])

    Execution Region ER_IROM1 (Base: 0x08000000, Size: 0x000332e8, Max: 0x00080000, ABSOLUTE)

    Base Addr    Size         Type   Attr      Idx    E Section Name        Object

    0x08000000   0x00000130   Data   RO            3    RESET               startup_stm32f10x_hd.o
    0x08000130   0x00000000   Code   RO         6016  * .ARM.Collect$$$$00000000  mc_w.l(entry.o)
    0x08000130   0x00000004   Code   RO         6306    .ARM.Collect$$$$00000001  mc_w.l(entry2.o)
    0x08000134   0x00000004   Code   RO         6309    .ARM.Collect$$$$00000004  mc_w.l(entry5.o)
    0x08000138   0x00000000   Code   RO         6311    .ARM.Collect$$$$00000008  mc_w.l(entry7b.o)
    0x08000138   0x00000000   Code   RO         6313    .ARM.Collect$$$$0000000A  mc_w.l(entry8b.o)
    0x08000138   0x00000008   Code   RO         6314    .ARM.Collect$$$$0000000B  mc_w.l(entry9a.o)
    0x08000140   0x00000000   Code   RO         6316    .ARM.Collect$$$$0000000D  mc_w.l(entry10a.o)
    0x08000140   0x00000000   Code   RO         6318    .ARM.Collect$$$$0000000F  mc_w.l(entry11a.o)
    0x08000140   0x00000004   Code   RO         6307    .ARM.Collect$$$$00002712  mc_w.l(entry2.o)
    0x08000144   0x00000024   Code   RO            4    .text               startup_stm32f10x_hd.o
    0x08000168   0x00000034   Code   RO         2664    .text               cpu_a.o
    0x0800019c   0x00000062   Code   RO         6019    .text               mc_w.l(uldiv.o)
    0x080001fe   0x00000024   Code   RO         6021    .text               mc_w.l(memcpya.o)
    0x08000222   0x00000024   Code   RO         6025    .text               mc_w.l(strstr.o)
    0x08000246   0x0000001c   Code   RO         6031    .text               mc_w.l(strcmp.o)
    0x08000262   0x00000002   PAD
    0x08000264   0x00000044   Code   RO         6035    .text               mc_w.l(strtok.o)
    0x080002a8   0x0000001a   Code   RO         6304    .text               mc_w.l(atoi.o)
    0x080002c2   0x0000001e   Code   RO         6323    .text               mc_w.l(llshl.o)
    0x080002e0   0x00000020   Code   RO         6325    .text               mc_w.l(llushr.o)
    0x08000300   0x00000070   Code   RO         6334    .text               mc_w.l(strtol.o)
    0x08000370   0x00000024   Code   RO         6347    .text               mc_w.l(init.o)
    0x08000394   0x00000008   Code   RO         6351    .text               mc_w.l(ctype_o.o)
    0x0800039c   0x0000009e   Code   RO         6379    .text               mc_w.l(_strtoul.o)
    0x0800043a   0x0000001c   Code   RO         6383    .text               mc_w.l(_chval.o)
    0x08000456   0x00000056   Code   RO         6393    .text               mc_w.l(__dczerorl2.o)
    0x080004ac   0x00000084   Code   RO         4374    CODE                os_cpu_a.o
    0x08000530   0x00000124   Code   RO         2413    i.AppTaskCreate     main.o
    0x08000654   0x00000080   Code   RO         2414    i.AppTaskGetCmd     main.o
    0x080006d4   0x00000054   Code   RO         2415    i.AppTaskGetUsage   main.o
    0x08000728   0x0000012c   Code   RO         2416    i.AppTaskSaveData   main.o
    0x08000854   0x00000034   Code   RO         2417    i.AppTaskSendData   main.o
    0x08000888   0x00000064   Code   RO         2418    i.AppTaskStart      main.o
    0x080008ec   0x00000010   Code   RO         4455    i.BSP_CPU_ClkFreq   bsp.o
    0x080008fc   0x0000002e   Code   RO         4456    i.BSP_Init          bsp.o
    0x0800092a   0x00000002   PAD
    0x0800092c   0x0000001c   Code   RO         4457    i.BSP_Tick_Init     bsp.o
    0x08000948   0x00000008   Code   RO         4458    i.Bsp_NVIC_Configuration  bsp.o
    0x08000950   0x00000002   Code   RO         2592    i.BusFault_Handler  stm32f10x_it.o
    0x08000952   0x0000000e   Code   RO         2723    i.CPU_Init          cpu_core.o
    0x08000960   0x0000004c   Code   RO         2724    i.CPU_IntDisMeasInit  cpu_core.o
    0x080009ac   0x00000014   Code   RO         2725    i.CPU_IntDisMeasMaxCalc  cpu_core.o
    0x080009c0   0x0000001c   Code   RO         2726    i.CPU_IntDisMeasMaxCurGet  cpu_core.o
    0x080009dc   0x00000020   Code   RO         2727    i.CPU_IntDisMeasMaxCurReset  cpu_core.o
    0x080009fc   0x0000001c   Code   RO         2728    i.CPU_IntDisMeasMaxGet  cpu_core.o
    0x08000a18   0x00000024   Code   RO         2729    i.CPU_IntDisMeasStart  cpu_core.o
    0x08000a3c   0x00000030   Code   RO         2730    i.CPU_IntDisMeasStop  cpu_core.o
    0x08000a6c   0x00000010   Code   RO         2733    i.CPU_TS_Init       cpu_core.o
    0x08000a7c   0x0000000c   Code   RO         2735    i.CPU_TS_TmrFreqSet  cpu_core.o
    0x08000a88   0x00000030   Code   RO         4460    i.CPU_TS_TmrInit    bsp.o
    0x08000ab8   0x0000000c   Code   RO         4461    i.CPU_TS_TmrRd      bsp.o
    0x08000ac4   0x0000002a   Code   RO         4579    i.CmdError          bsp_sdio_sdcard.o
    0x08000aee   0x00000002   PAD
    0x08000af0   0x0000001c   Code   RO         4580    i.CmdResp1Error     bsp_sdio_sdcard.o
    0x08000b0c   0x00000044   Code   RO         4581    i.CmdResp2Error     bsp_sdio_sdcard.o
    0x08000b50   0x00000034   Code   RO         4582    i.CmdResp3Error     bsp_sdio_sdcard.o
    0x08000b84   0x00000080   Code   RO         4583    i.CmdResp6Error     bsp_sdio_sdcard.o
    0x08000c04   0x00000044   Code   RO         4584    i.CmdResp7Error     bsp_sdio_sdcard.o
    0x08000c48   0x00000034   Code   RO         2419    i.DMA1_Channel4_IRQHandler  main.o
    0x08000c7c   0x00000018   Code   RO          303    i.DMA_ClearFlag     stm32f10x_dma.o
    0x08000c94   0x00000018   Code   RO          304    i.DMA_ClearITPendingBit  stm32f10x_dma.o
    0x08000cac   0x0000001a   Code   RO          305    i.DMA_Cmd           stm32f10x_dma.o
    0x08000cc6   0x00000002   PAD
    0x08000cc8   0x000000f8   Code   RO          306    i.DMA_DeInit        stm32f10x_dma.o
    0x08000dc0   0x00000024   Code   RO          308    i.DMA_GetFlagStatus  stm32f10x_dma.o
    0x08000de4   0x00000024   Code   RO          309    i.DMA_GetITStatus   stm32f10x_dma.o
    0x08000e08   0x00000014   Code   RO          310    i.DMA_ITConfig      stm32f10x_dma.o
    0x08000e1c   0x0000003a   Code   RO          311    i.DMA_Init          stm32f10x_dma.o
    0x08000e56   0x00000028   Code   RO         5033    i.DMA_NVIC_Config   app.o
    0x08000e7e   0x00000002   Code   RO         2593    i.DebugMon_Handler  stm32f10x_it.o
    0x08000e80   0x0000017c   Code   RO         4585    i.FindSCR           bsp_sdio_sdcard.o
    0x08000ffc   0x00000050   Code   RO         4586    i.GPIO_Configuration  bsp_sdio_sdcard.o
    0x0800104c   0x000000a6   Code   RO          729    i.GPIO_Init         stm32f10x_gpio.o
    0x080010f2   0x00000004   Code   RO          736    i.GPIO_ResetBits    stm32f10x_gpio.o
    0x080010f6   0x00000004   Code   RO          737    i.GPIO_SetBits      stm32f10x_gpio.o
    0x080010fa   0x00000002   Code   RO         2594    i.HardFault_Handler  stm32f10x_it.o
    0x080010fc   0x00000030   Code   RO         5511    i.IINCHIP_READ      w5500_conf.o
    0x0800112c   0x00000004   Code   RO         5512    i.IINCHIP_SpiSendData  w5500_conf.o
    0x08001130   0x00000034   Code   RO         5513    i.IINCHIP_WRITE     w5500_conf.o
    0x08001164   0x0000002c   Code   RO         5034    i.IPTrans           app.o
    0x08001190   0x00000060   Code   RO         4502    i.LED_GPIO_Config   bsp_led.o
    0x080011f0   0x00000002   Code   RO         2595    i.MemManage_Handler  stm32f10x_it.o
    0x080011f2   0x00000002   Code   RO         3006    i.Mem_Init          lib_mem.o
    0x080011f4   0x00000002   Code   RO         2596    i.NMI_Handler       stm32f10x_it.o
    0x080011f6   0x00000002   PAD
    0x080011f8   0x00000064   Code   RO          119    i.NVIC_Init         misc.o
    0x0800125c   0x00000014   Code   RO          120    i.NVIC_PriorityGroupConfig  misc.o
    0x08001270   0x00000002   Code   RO         3196    i.OSCfg_Init        os_cfg_app.o
    0x08001272   0x00000002   PAD
    0x08001274   0x0000001c   Code   RO         4377    i.OSIdleTaskHook    os_cpu_c.o
    0x08001290   0x00000150   Code   RO         3265    i.OSInit            os_core.o
    0x080013e0   0x00000034   Code   RO         4378    i.OSInitHook        os_cpu_c.o
    0x08001414   0x000000b4   Code   RO         3267    i.OSIntExit         os_core.o
    0x080014c8   0x00000084   Code   RO         3268    i.OSSched           os_core.o
    0x0800154c   0x00000060   Code   RO         3269    i.OSSchedLock       os_core.o
    0x080015ac   0x00000078   Code   RO         3270    i.OSSchedUnlock     os_core.o
    0x08001624   0x0000005c   Code   RO         3271    i.OSStart           os_core.o
    0x08001680   0x00000100   Code   RO         3930    i.OSStatReset       os_stat.o
    0x08001780   0x000000c4   Code   RO         3931    i.OSStatTaskCPUUsageInit  os_stat.o
    0x08001844   0x00000010   Code   RO         4379    i.OSStatTaskHook    os_cpu_c.o
    0x08001854   0x000001f0   Code   RO         3961    i.OSTaskCreate      os_task.o
    0x08001a44   0x00000010   Code   RO         4380    i.OSTaskCreateHook  os_cpu_c.o
    0x08001a54   0x00000164   Code   RO         3962    i.OSTaskDel         os_task.o
    0x08001bb8   0x00000010   Code   RO         4381    i.OSTaskDelHook     os_cpu_c.o
    0x08001bc8   0x0000006c   Code   RO         3970    i.OSTaskResume      os_task.o
    0x08001c34   0x00000010   Code   RO         4382    i.OSTaskReturnHook  os_cpu_c.o
    0x08001c44   0x00000184   Code   RO         3971    i.OSTaskSemPend     os_task.o
    0x08001dc8   0x0000005c   Code   RO         3973    i.OSTaskSemPost     os_task.o
    0x08001e24   0x000000c0   Code   RO         3975    i.OSTaskStkChk      os_task.o
    0x08001ee4   0x00000064   Code   RO         4383    i.OSTaskStkInit     os_cpu_c.o
    0x08001f48   0x00000054   Code   RO         3976    i.OSTaskSuspend     os_task.o
    0x08001f9c   0x00000050   Code   RO         4384    i.OSTaskSwHook      os_cpu_c.o
    0x08001fec   0x000000d4   Code   RO         4170    i.OSTimeDly         os_time.o
    0x080020c0   0x00000190   Code   RO         4171    i.OSTimeDlyHMSM     os_time.o
    0x08002250   0x00000040   Code   RO         4175    i.OSTimeTick        os_time.o
    0x08002290   0x00000010   Code   RO         4385    i.OSTimeTickHook    os_cpu_c.o
    0x080022a0   0x00000030   Code   RO         4386    i.OS_CPU_SysTickHandler  os_cpu_c.o
    0x080022d0   0x00000028   Code   RO         4387    i.OS_CPU_SysTickInit  os_cpu_c.o
    0x080022f8   0x00000002   Code   RO         3481    i.OS_Dbg_Init       os_dbg.o
    0x080022fa   0x00000002   PAD
    0x080022fc   0x00000018   Code   RO         3507    i.OS_FlagInit       os_flag.o
    0x08002314   0x000001a0   Code   RO         3508    i.OS_FlagPost       os_flag.o
    0x080024b4   0x00000040   Code   RO         3509    i.OS_FlagTaskRdy    os_flag.o
    0x080024f4   0x00000034   Code   RO         3273    i.OS_IdleTask       os_core.o
    0x08002528   0x00000068   Code   RO         3274    i.OS_IdleTaskInit   os_core.o
    0x08002590   0x000000bc   Code   RO         3581    i.OS_IntQPost       os_int.o
    0x0800264c   0x0000010c   Code   RO         3582    i.OS_IntQRePost     os_int.o
    0x08002758   0x00000090   Code   RO         3583    i.OS_IntQTask       os_int.o
    0x080027e8   0x00000114   Code   RO         3584    i.OS_IntQTaskInit   os_int.o
    0x080028fc   0x00000018   Code   RO         3615    i.OS_MemInit        os_mem.o
    0x08002914   0x0000006c   Code   RO         3647    i.OS_MsgPoolInit    os_msg.o
    0x08002980   0x00000038   Code   RO         3648    i.OS_MsgQFreeAll    os_msg.o
    0x080029b8   0x0000000e   Code   RO         3650    i.OS_MsgQInit       os_msg.o
    0x080029c6   0x00000002   PAD
    0x080029c8   0x00000090   Code   RO         3651    i.OS_MsgQPut        os_msg.o
    0x08002a58   0x00000018   Code   RO         3691    i.OS_MutexInit      os_mutex.o
    0x08002a70   0x00000050   Code   RO         3275    i.OS_Pend           os_core.o
    0x08002ac0   0x00000026   Code   RO         3278    i.OS_PendDataInit   os_core.o
    0x08002ae6   0x00000002   PAD
    0x08002ae8   0x00000054   Code   RO         3279    i.OS_PendDbgNameAdd  os_core.o
    0x08002b3c   0x00000024   Code   RO         3280    i.OS_PendDbgNameRemove  os_core.o
    0x08002b60   0x0000005c   Code   RO         3284    i.OS_PendListInsertPrio  os_core.o
    0x08002bbc   0x00000026   Code   RO         3285    i.OS_PendListRemove  os_core.o
    0x08002be2   0x00000036   Code   RO         3286    i.OS_PendListRemove1  os_core.o
    0x08002c18   0x00000098   Code   RO         3289    i.OS_Post           os_core.o
    0x08002cb0   0x00000026   Code   RO         3290    i.OS_Post1          os_core.o
    0x08002cd6   0x00000002   PAD
    0x08002cd8   0x00000024   Code   RO         3749    i.OS_PrioGetHighest  os_prio.o
    0x08002cfc   0x00000018   Code   RO         3750    i.OS_PrioInit       os_prio.o
    0x08002d14   0x00000020   Code   RO         3751    i.OS_PrioInsert     os_prio.o
    0x08002d34   0x00000020   Code   RO         3752    i.OS_PrioRemove     os_prio.o
    0x08002d54   0x00000018   Code   RO         3795    i.OS_QInit          os_q.o
    0x08002d6c   0x00000104   Code   RO         3796    i.OS_QPost          os_q.o
    0x08002e70   0x00000024   Code   RO         3291    i.OS_RdyListInit    os_core.o
    0x08002e94   0x00000030   Code   RO         3292    i.OS_RdyListInsert  os_core.o
    0x08002ec4   0x0000003c   Code   RO         3293    i.OS_RdyListInsertHead  os_core.o
    0x08002f00   0x00000038   Code   RO         3294    i.OS_RdyListInsertTail  os_core.o
    0x08002f38   0x00000054   Code   RO         3296    i.OS_RdyListRemove  os_core.o
    0x08002f8c   0x00000048   Code   RO         3297    i.OS_Sched0         os_core.o
    0x08002fd4   0x00000018   Code   RO         3867    i.OS_SemInit        os_sem.o
    0x08002fec   0x000000d0   Code   RO         3868    i.OS_SemPost        os_sem.o
    0x080030bc   0x000002b4   Code   RO         3932    i.OS_StatTask       os_stat.o
    0x08003370   0x000000c0   Code   RO         3933    i.OS_StatTaskInit   os_stat.o
    0x08003430   0x00000034   Code   RO         3298    i.OS_TaskBlock      os_core.o
    0x08003464   0x00000024   Code   RO         3977    i.OS_TaskDbgListAdd  os_task.o
    0x08003488   0x00000040   Code   RO         3978    i.OS_TaskDbgListRemove  os_task.o
    0x080034c8   0x00000020   Code   RO         3979    i.OS_TaskInit       os_task.o
    0x080034e8   0x000000b0   Code   RO         3980    i.OS_TaskInitTCB    os_task.o
    0x08003598   0x0000019c   Code   RO         3981    i.OS_TaskQPost      os_task.o
    0x08003734   0x0000001e   Code   RO         3299    i.OS_TaskRdy        os_core.o
    0x08003752   0x00000002   PAD
    0x08003754   0x00000100   Code   RO         3982    i.OS_TaskResume     os_task.o
    0x08003854   0x00000018   Code   RO         3983    i.OS_TaskReturn     os_task.o
    0x0800386c   0x00000218   Code   RO         3984    i.OS_TaskSemPost    os_task.o
    0x08003a84   0x00000104   Code   RO         3985    i.OS_TaskSuspend    os_task.o
    0x08003b88   0x0000002c   Code   RO         4122    i.OS_TickListInit   os_tick.o
    0x08003bb4   0x000000f0   Code   RO         4123    i.OS_TickListInsert  os_tick.o
    0x08003ca4   0x00000036   Code   RO         4124    i.OS_TickListRemove  os_tick.o
    0x08003cda   0x00000002   PAD
    0x08003cdc   0x00000028   Code   RO         4125    i.OS_TickListResetPeak  os_tick.o
    0x08003d04   0x00000190   Code   RO         4126    i.OS_TickListUpdate  os_tick.o
    0x08003e94   0x00000028   Code   RO         4127    i.OS_TickTask       os_tick.o
    0x08003ebc   0x000000ac   Code   RO         4128    i.OS_TickTaskInit   os_tick.o
    0x08003f68   0x00000110   Code   RO         4221    i.OS_TmrInit        os_tmr.o
    0x08004078   0x000000b4   Code   RO         4222    i.OS_TmrLink        os_tmr.o
    0x0800412c   0x00000028   Code   RO         4223    i.OS_TmrResetPeak   os_tmr.o
    0x08004154   0x000000b0   Code   RO         4224    i.OS_TmrTask        os_tmr.o
    0x08004204   0x0000004c   Code   RO         4225    i.OS_TmrUnlink      os_tmr.o
    0x08004250   0x000002ec   Code   RO         5035    i.ProcessCmd        app.o
    0x0800453c   0x0000001c   Code   RO          898    i.RCC_AHBPeriphClockCmd  stm32f10x_rcc.o
    0x08004558   0x0000001c   Code   RO          899    i.RCC_APB1PeriphClockCmd  stm32f10x_rcc.o
    0x08004574   0x0000001c   Code   RO          901    i.RCC_APB2PeriphClockCmd  stm32f10x_rcc.o
    0x08004590   0x000000ac   Code   RO          909    i.RCC_GetClocksFreq  stm32f10x_rcc.o
    0x0800463c   0x000000e0   Code   RO         4588    i.SDEnWideBus       bsp_sdio_sdcard.o
    0x0800471c   0x0000000c   Code   RO         1098    i.SDIO_ClearFlag    stm32f10x_sdio.o
    0x08004728   0x0000000c   Code   RO         1099    i.SDIO_ClearITPendingBit  stm32f10x_sdio.o
    0x08004734   0x0000000c   Code   RO         1100    i.SDIO_ClockCmd     stm32f10x_sdio.o
    0x08004740   0x0000000c   Code   RO         1103    i.SDIO_DMACmd       stm32f10x_sdio.o
    0x0800474c   0x0000002c   Code   RO         1104    i.SDIO_DataConfig   stm32f10x_sdio.o
    0x08004778   0x00000024   Code   RO         1106    i.SDIO_DeInit       stm32f10x_sdio.o
    0x0800479c   0x0000000c   Code   RO         1107    i.SDIO_GetCommandResponse  stm32f10x_sdio.o
    0x080047a8   0x00000014   Code   RO         1110    i.SDIO_GetFlagStatus  stm32f10x_sdio.o
    0x080047bc   0x00000010   Code   RO         1112    i.SDIO_GetPowerState  stm32f10x_sdio.o
    0x080047cc   0x00000014   Code   RO         1113    i.SDIO_GetResponse  stm32f10x_sdio.o
    0x080047e0   0x00000004   Code   RO         2598    i.SDIO_IRQHandler   stm32f10x_it.o
    0x080047e4   0x0000001c   Code   RO         1114    i.SDIO_ITConfig     stm32f10x_sdio.o
    0x08004800   0x0000002c   Code   RO         1115    i.SDIO_Init         stm32f10x_sdio.o
    0x0800482c   0x00000028   Code   RO         4589    i.SDIO_NVIC_Configuration  bsp_sdio_sdcard.o
    0x08004854   0x0000000c   Code   RO         1116    i.SDIO_ReadData     stm32f10x_sdio.o
    0x08004860   0x00000028   Code   RO         1118    i.SDIO_SendCommand  stm32f10x_sdio.o
    0x08004888   0x00000018   Code   RO         1120    i.SDIO_SetPowerState  stm32f10x_sdio.o
    0x080048a0   0x0000000c   Code   RO         4590    i.SD_DMAEndOfTransferStatus  bsp_sdio_sdcard.o
    0x080048ac   0x0000005c   Code   RO         4591    i.SD_DMA_RxConfig   bsp_sdio_sdcard.o
    0x08004908   0x00000060   Code   RO         4592    i.SD_DMA_TxConfig   bsp_sdio_sdcard.o
    0x08004968   0x0000008c   Code   RO         4594    i.SD_EnableWideBusOperation  bsp_sdio_sdcard.o
    0x080049f4   0x00000244   Code   RO         4596    i.SD_GetCardInfo    bsp_sdio_sdcard.o
    0x08004c38   0x0000001a   Code   RO         4598    i.SD_GetState       bsp_sdio_sdcard.o
    0x08004c52   0x0000001a   Code   RO         4599    i.SD_GetStatus      bsp_sdio_sdcard.o
    0x08004c6c   0x00000060   Code   RO         4601    i.SD_Init           bsp_sdio_sdcard.o
    0x08004ccc   0x00000118   Code   RO         4602    i.SD_InitializeCards  bsp_sdio_sdcard.o
    0x08004de4   0x00000170   Code   RO         4604    i.SD_PowerON        bsp_sdio_sdcard.o
    0x08004f54   0x00000044   Code   RO         4605    i.SD_ProcessIRQSrc  bsp_sdio_sdcard.o
    0x08004f98   0x000000b4   Code   RO         4606    i.SD_ReadBlock      bsp_sdio_sdcard.o
    0x0800504c   0x000000cc   Code   RO         4607    i.SD_ReadMultiBlocks  bsp_sdio_sdcard.o
    0x08005118   0x0000002c   Code   RO         4608    i.SD_SelectDeselect  bsp_sdio_sdcard.o
    0x08005144   0x0000002c   Code   RO         4610    i.SD_SendStatus     bsp_sdio_sdcard.o
    0x08005170   0x00000028   Code   RO         4612    i.SD_WaitReadOperation  bsp_sdio_sdcard.o
    0x08005198   0x00000030   Code   RO         4613    i.SD_WaitWriteOperation  bsp_sdio_sdcard.o
    0x080051c8   0x000000b0   Code   RO         4614    i.SD_WriteBlock     bsp_sdio_sdcard.o
    0x08005278   0x0000011c   Code   RO         4615    i.SD_WriteMultiBlocks  bsp_sdio_sdcard.o
    0x08005394   0x00000016   Code   RO         5036    i.SPI2_Configuration  app.o
    0x080053aa   0x00000002   PAD
    0x080053ac   0x00000068   Code   RO         5037    i.SPI2_DMA_Config   app.o
    0x08005414   0x00000050   Code   RO         5038    i.SPI2_GPIO_Config  app.o
    0x08005464   0x00000028   Code   RO         2599    i.SPI2_IRQHandler   stm32f10x_it.o
    0x0800548c   0x0000005c   Code   RO         5039    i.SPI2_Mode_Config  app.o
    0x080054e8   0x00000018   Code   RO         1288    i.SPI_Cmd           stm32f10x_spi.o
    0x08005500   0x00000014   Code   RO         1294    i.SPI_I2S_DMACmd    stm32f10x_spi.o
    0x08005514   0x0000000e   Code   RO         1296    i.SPI_I2S_GetFlagStatus  stm32f10x_spi.o
    0x08005522   0x00000004   Code   RO         1299    i.SPI_I2S_ReceiveData  stm32f10x_spi.o
    0x08005526   0x00000004   Code   RO         1300    i.SPI_I2S_SendData  stm32f10x_spi.o
    0x0800552a   0x00000038   Code   RO         1301    i.SPI_Init          stm32f10x_spi.o
    0x08005562   0x00000002   PAD
    0x08005564   0x00000034   Code   RO         5514    i.SPI_SendByte      w5500_conf.o
    0x08005598   0x00000002   Code   RO         2600    i.SVC_Handler       stm32f10x_it.o
    0x0800559a   0x00000002   PAD
    0x0800559c   0x00000088   Code   RO         5040    i.SaveData          app.o
    0x08005624   0x0000022c   Code   RO         5041    i.SendData          app.o
    0x08005850   0x00000004   Code   RO           24    i.SetSysClock       system_stm32f10x.o
    0x08005854   0x000000b0   Code   RO           25    i.SetSysClockTo72   system_stm32f10x.o
    0x08005904   0x00000050   Code   RO           27    i.SystemInit        system_stm32f10x.o
    0x08005954   0x00000022   Code   RO         2601    i.TIM2_IRQHandler   stm32f10x_it.o
    0x08005976   0x00000006   Code   RO         1438    i.TIM_ClearITPendingBit  stm32f10x_tim.o
    0x0800597c   0x00000018   Code   RO         1464    i.TIM_GetITStatus   stm32f10x_tim.o
    0x08005994   0x00000098   Code   RO         4514    i.USART1_Config     bsp_usart1.o
    0x08005a2c   0x00000064   Code   RO         2420    i.USART1_IRQHandler  main.o
    0x08005a90   0x00000028   Code   RO         4515    i.USART1_NVIC_Config  bsp_usart1.o
    0x08005ab8   0x00000008   Code   RO         1975    i.USART_ClearFlag   stm32f10x_usart.o
    0x08005ac0   0x00000010   Code   RO         1976    i.USART_ClearITPendingBit  stm32f10x_usart.o
    0x08005ad0   0x00000018   Code   RO         1979    i.USART_Cmd         stm32f10x_usart.o
    0x08005ae8   0x0000000e   Code   RO         1982    i.USART_GetFlagStatus  stm32f10x_usart.o
    0x08005af6   0x00000040   Code   RO         1983    i.USART_GetITStatus  stm32f10x_usart.o
    0x08005b36   0x00000036   Code   RO         1985    i.USART_ITConfig    stm32f10x_usart.o
    0x08005b6c   0x000000bc   Code   RO         1986    i.USART_Init        stm32f10x_usart.o
    0x08005c28   0x00000008   Code   RO         1993    i.USART_ReceiveData  stm32f10x_usart.o
    0x08005c30   0x00000008   Code   RO         1996    i.USART_SendData    stm32f10x_usart.o
    0x08005c38   0x00000002   Code   RO         2602    i.UsageFault_Handler  stm32f10x_it.o
    0x08005c3a   0x00000002   PAD
    0x08005c3c   0x00000028   Code   RO         5515    i.W5500_Config      w5500_conf.o
    0x08005c64   0x00000020   Code   RO         6250    i.__0printf$8       mc_w.l(printf8.o)
    0x08005c84   0x00000008   Code   RO         6327    i.__aeabi_errno_addr  mc_w.l(errno.o)
    0x08005c8c   0x0000000e   Code   RO         6387    i.__scatterload_copy  mc_w.l(handlers.o)
    0x08005c9a   0x00000002   Code   RO         6388    i.__scatterload_null  mc_w.l(handlers.o)
    0x08005c9c   0x0000000e   Code   RO         6389    i.__scatterload_zeroinit  mc_w.l(handlers.o)
    0x08005caa   0x00000002   PAD
    0x08005cac   0x00000410   Code   RO         6257    i._printf_core      mc_w.l(printf8.o)
    0x080060bc   0x00000024   Code   RO         6258    i._printf_post_padding  mc_w.l(printf8.o)
    0x080060e0   0x0000002e   Code   RO         6259    i._printf_pre_padding  mc_w.l(printf8.o)
    0x0800610e   0x00000002   PAD
    0x08006110   0x0000007c   Code   RO         5755    i.check_fs          ff.o
    0x0800618c   0x00000010   Code   RO         5756    i.chk_chr           ff.o
    0x0800619c   0x000002e8   Code   RO         5757    i.chk_mounted       ff.o
    0x08006484   0x00000030   Code   RO         5095    i.close             socket.o
    0x080064b4   0x00000018   Code   RO         5758    i.clust2sect        ff.o
    0x080064cc   0x00000080   Code   RO         5759    i.cmp_lfn           ff.o
    0x0800654c   0x000000e6   Code   RO         5096    i.connect           socket.o
    0x08006632   0x000000a0   Code   RO         5760    i.create_chain      ff.o
    0x080066d2   0x00000002   PAD
    0x080066d4   0x00000230   Code   RO         5761    i.create_name       ff.o
    0x08006904   0x00000028   Code   RO         5171    i.delay_ms          utility.o
    0x0800692c   0x0000001a   Code   RO         5172    i.delay_s           utility.o
    0x08006946   0x00000002   PAD
    0x08006948   0x00000028   Code   RO         5173    i.delay_us          utility.o
    0x08006970   0x000000bc   Code   RO         5762    i.dir_find          ff.o
    0x08006a2c   0x00000108   Code   RO         5763    i.dir_next          ff.o
    0x08006b34   0x0000015a   Code   RO         5765    i.dir_register      ff.o
    0x08006c8e   0x0000008c   Code   RO         5767    i.dir_sdi           ff.o
    0x08006d1a   0x00000018   Code   RO         5698    i.disk_initialize   diskio.o
    0x08006d32   0x00000004   Code   RO         5699    i.disk_ioctl        diskio.o
    0x08006d36   0x00000002   PAD
    0x08006d38   0x00000084   Code   RO         5700    i.disk_read         diskio.o
    0x08006dbc   0x00000004   Code   RO         5701    i.disk_status       diskio.o
    0x08006dc0   0x00000088   Code   RO         5702    i.disk_write        diskio.o
    0x08006e48   0x0000006a   Code   RO         4813    i.ee_ReadBytes      bsp_i2c_ee.o
    0x08006eb2   0x0000006c   Code   RO         4815    i.ee_WriteBytes     bsp_i2c_ee.o
    0x08006f1e   0x00000014   Code   RO         5769    i.f_close           ff.o
    0x08006f32   0x00000002   PAD
    0x08006f34   0x00000020   Code   RO         5773    i.f_mount           ff.o
    0x08006f54   0x00000170   Code   RO         5774    i.f_open            ff.o
    0x080070c4   0x00000184   Code   RO         5776    i.f_read            ff.o
    0x08007248   0x000000a4   Code   RO         5780    i.f_sync            ff.o
    0x080072ec   0x000001ba   Code   RO         5784    i.f_write           ff.o
    0x080074a6   0x00000002   PAD
    0x080074a8   0x00000058   Code   RO         5669    i.ff_convert        cc936.o
    0x08007500   0x0000002c   Code   RO         5670    i.ff_wtoupper       cc936.o
    0x0800752c   0x0000006c   Code   RO         5785    i.fit_lfn           ff.o
    0x08007598   0x00000078   Code   RO         5786    i.follow_path       ff.o
    0x08007610   0x00000024   Code   RO         4518    i.fputc             bsp_usart1.o
    0x08007634   0x00000082   Code   RO         5787    i.gen_numname       ff.o
    0x080076b6   0x0000000a   Code   RO         5332    i.getGAR            w5500.o
    0x080076c0   0x0000000c   Code   RO         5334    i.getIINCHIP_TxMAX  w5500.o
    0x080076cc   0x0000000c   Code   RO         5337    i.getSIPR           w5500.o
    0x080076d8   0x0000000c   Code   RO         5338    i.getSUBR           w5500.o
    0x080076e4   0x0000000c   Code   RO         5339    i.getSn_IR          w5500.o
    0x080076f0   0x0000000c   Code   RO         5341    i.getSn_SR          w5500.o
    0x080076fc   0x0000004a   Code   RO         5342    i.getSn_TX_FSR      w5500.o
    0x08007746   0x000000ca   Code   RO         5788    i.get_fat           ff.o
    0x08007810   0x00000004   Code   RO         5703    i.get_fattime       diskio.o
    0x08007814   0x000000f8   Code   RO         5517    i.gpio_for_w5500_config  w5500_conf.o
    0x0800790c   0x00000028   Code   RO         4863    i.i2c_Ack           bsp_i2c_gpio.o
    0x08007934   0x00000030   Code   RO         4864    i.i2c_CfgGpio       bsp_i2c_gpio.o
    0x08007964   0x0000000c   Code   RO         4866    i.i2c_Delay         bsp_i2c_gpio.o
    0x08007970   0x00000024   Code   RO         4867    i.i2c_NAck          bsp_i2c_gpio.o
    0x08007994   0x00000048   Code   RO         4868    i.i2c_ReadByte      bsp_i2c_gpio.o
    0x080079dc   0x00000054   Code   RO         4869    i.i2c_SendByte      bsp_i2c_gpio.o
    0x08007a30   0x00000028   Code   RO         4870    i.i2c_Start         bsp_i2c_gpio.o
    0x08007a58   0x0000001c   Code   RO         4871    i.i2c_Stop          bsp_i2c_gpio.o
    0x08007a74   0x00000038   Code   RO         4872    i.i2c_WaitAck       bsp_i2c_gpio.o
    0x08007aac   0x00000006   Code   RO         5518    i.iinchip_csoff     w5500_conf.o
    0x08007ab2   0x00000006   Code   RO         5519    i.iinchip_cson      w5500_conf.o
    0x08007ab8   0x00000060   Code   RO         2421    i.main              main.o
    0x08007b18   0x0000001a   Code   RO         5790    i.mem_cmp           ff.o
    0x08007b32   0x00000012   Code   RO         5791    i.mem_cpy           ff.o
    0x08007b44   0x00000010   Code   RO         5792    i.mem_set           ff.o
    0x08007b54   0x0000006e   Code   RO         5793    i.move_window       ff.o
    0x08007bc2   0x000000f6   Code   RO         5795    i.put_fat           ff.o
    0x08007cb8   0x0000001c   Code   RO         5521    i.read_config_from_eeprom  w5500_conf.o
    0x08007cd4   0x00000068   Code   RO         5796    i.remove_chain      ff.o
    0x08007d3c   0x0000002c   Code   RO         5523    i.reset_w5500       w5500_conf.o
    0x08007d68   0x00000044   Code   RO         5524    i.reset_w5500_ip    w5500_conf.o
    0x08007dac   0x000000c4   Code   RO         5101    i.send              socket.o
    0x08007e70   0x0000008c   Code   RO         5345    i.send_data_processing  w5500.o
    0x08007efc   0x0000000a   Code   RO         5346    i.setGAR            w5500.o
    0x08007f06   0x0000000c   Code   RO         5350    i.setSHAR           w5500.o
    0x08007f12   0x0000000c   Code   RO         5351    i.setSIPR           w5500.o
    0x08007f1e   0x0000000c   Code   RO         5352    i.setSUBR           w5500.o
    0x08007f2a   0x00000002   PAD
    0x08007f2c   0x00000230   Code   RO         5525    i.set_w5500_ip      w5500_conf.o
    0x0800815c   0x00000018   Code   RO         5526    i.set_w5500_mac     w5500_conf.o
    0x08008174   0x0000009c   Code   RO         5103    i.socket            socket.o
    0x08008210   0x00000080   Code   RO         5356    i.socket_buf_init   w5500.o
    0x08008290   0x0000001a   Code   RO         5797    i.sum_sfn           ff.o
    0x080082aa   0x000000bc   Code   RO         5798    i.sync              ff.o
    0x08008366   0x00000002   PAD
    0x08008368   0x0000002c   Code   RO         5186    i.systick_init      utility.o
    0x08008394   0x00000024   Code   RO         5528    i.timer2_isr        w5500_conf.o
    0x080083b8   0x00000026   Code   RO         5799    i.validate          ff.o
    0x080083de   0x00000002   PAD
    0x080083e0   0x00000020   Code   RO         5529    i.wiz_cs            w5500_conf.o
    0x08008400   0x00000068   Code   RO         5530    i.wiz_read_buf      w5500_conf.o
    0x08008468   0x00000068   Code   RO         5531    i.wiz_write_buf     w5500_conf.o
    0x080084d0   0x0000001c   Code   RO         5532    i.write_config_to_eeprom  w5500_conf.o
    0x080084ec   0x00000010   Code   RO         5533    i.write_server_config_to_eeprom  w5500_conf.o
    0x080084fc   0x00000004   Data   RO         3207    .constdata          os_cfg_app.o
    0x08008500   0x00000004   Data   RO         3208    .constdata          os_cfg_app.o
    0x08008504   0x00000004   Data   RO         3209    .constdata          os_cfg_app.o
    0x08008508   0x00000004   Data   RO         3211    .constdata          os_cfg_app.o
    0x0800850c   0x00000002   Data   RO         3212    .constdata          os_cfg_app.o
    0x0800850e   0x00000002   PAD
    0x08008510   0x00000004   Data   RO         3214    .constdata          os_cfg_app.o
    0x08008514   0x00000004   Data   RO         3215    .constdata          os_cfg_app.o
    0x08008518   0x00000004   Data   RO         3216    .constdata          os_cfg_app.o
    0x0800851c   0x00000004   Data   RO         3218    .constdata          os_cfg_app.o
    0x08008520   0x00000004   Data   RO         3219    .constdata          os_cfg_app.o
    0x08008524   0x00000002   Data   RO         3221    .constdata          os_cfg_app.o
    0x08008526   0x00000002   PAD
    0x08008528   0x00000004   Data   RO         3223    .constdata          os_cfg_app.o
    0x0800852c   0x00000001   Data   RO         3224    .constdata          os_cfg_app.o
    0x0800852d   0x00000003   PAD
    0x08008530   0x00000004   Data   RO         3225    .constdata          os_cfg_app.o
    0x08008534   0x00000004   Data   RO         3226    .constdata          os_cfg_app.o
    0x08008538   0x00000004   Data   RO         3227    .constdata          os_cfg_app.o
    0x0800853c   0x00000004   Data   RO         3228    .constdata          os_cfg_app.o
    0x08008540   0x00000004   Data   RO         3230    .constdata          os_cfg_app.o
    0x08008544   0x00000004   Data   RO         3231    .constdata          os_cfg_app.o
    0x08008548   0x00000001   Data   RO         3232    .constdata          os_cfg_app.o
    0x08008549   0x00000003   PAD
    0x0800854c   0x00000004   Data   RO         3233    .constdata          os_cfg_app.o
    0x08008550   0x00000004   Data   RO         3234    .constdata          os_cfg_app.o
    0x08008554   0x00000004   Data   RO         3235    .constdata          os_cfg_app.o
    0x08008558   0x00000002   Data   RO         3237    .constdata          os_cfg_app.o
    0x0800855a   0x00000001   Data   RO         3239    .constdata          os_cfg_app.o
    0x0800855b   0x00000001   PAD
    0x0800855c   0x00000004   Data   RO         3240    .constdata          os_cfg_app.o
    0x08008560   0x00000004   Data   RO         3241    .constdata          os_cfg_app.o
    0x08008564   0x00000004   Data   RO         3242    .constdata          os_cfg_app.o
    0x08008568   0x00000004   Data   RO         3243    .constdata          os_cfg_app.o
    0x0800856c   0x00000002   Data   RO         3245    .constdata          os_cfg_app.o
    0x0800856e   0x0002acc8   Data   RO         5671    .constdata          cc936.o
    0x08033236   0x0000000d   Data   RO         5800    .constdata          ff.o
    0x08033243   0x00000081   Data   RO         6352    .constdata          mc_w.l(ctype_o.o)
    0x080332c4   0x00000004   Data   RO         6353    .constdata          mc_w.l(ctype_o.o)
    0x080332c8   0x00000020   Data   RO         6385    Region$$Table       anon$$obj.o


    Execution Region RW_IRAM1 (Base: 0x20000000, Size: 0x00008ec8, Max: 0x00010000, ABSOLUTE, COMPRESSED[0x00000038])

    Base Addr    Size         Type   Attr      Idx    E Section Name        Object

    0x20000000   0x00000014   Data   RW          929    .data               stm32f10x_rcc.o
    0x20000014   0x00000002   Data   RW         2423    .data               main.o
    0x20000016   0x00000002   PAD
    0x20000018   0x0000001c   Data   RW         2738    .data               cpu_core.o
    0x20000034   0x00000004   Data   RW         3753    .data               os_prio.o
    0x20000038   0x00000004   Data   RW         4309    .data               os_var.o
    0x2000003c   0x00000004   Data   RW         4310    .data               os_var.o
    0x20000040   0x00000004   Data   RW         4311    .data               os_var.o
    0x20000044   0x00000004   Data   RW         4312    .data               os_var.o
    0x20000048   0x00000004   Data   RW         4313    .data               os_var.o
    0x2000004c   0x00000004   Data   RW         4314    .data               os_var.o
    0x20000050   0x00000004   Data   RW         4315    .data               os_var.o
    0x20000054   0x00000004   Data   RW         4316    .data               os_var.o
    0x20000058   0x00000001   Data   RW         4317    .data               os_var.o
    0x20000059   0x00000003   PAD
    0x2000005c   0x00000004   Data   RW         4318    .data               os_var.o
    0x20000060   0x00000001   Data   RW         4319    .data               os_var.o
    0x20000061   0x00000003   PAD
    0x20000064   0x00000004   Data   RW         4320    .data               os_var.o
    0x20000068   0x00000004   Data   RW         4321    .data               os_var.o
    0x2000006c   0x00000002   Data   RW         4322    .data               os_var.o
    0x2000006e   0x00000002   Data   RW         4323    .data               os_var.o
    0x20000070   0x00000002   Data   RW         4324    .data               os_var.o
    0x20000072   0x00000002   PAD
    0x20000074   0x00000004   Data   RW         4325    .data               os_var.o
    0x20000078   0x00000004   Data   RW         4326    .data               os_var.o
    0x2000007c   0x00000002   Data   RW         4327    .data               os_var.o
    0x2000007e   0x00000002   PAD
    0x20000080   0x00000004   Data   RW         4328    .data               os_var.o
    0x20000084   0x00000002   Data   RW         4329    .data               os_var.o
    0x20000086   0x00000002   PAD
    0x20000088   0x00000004   Data   RW         4330    .data               os_var.o
    0x2000008c   0x00000002   Data   RW         4331    .data               os_var.o
    0x2000008e   0x00000001   Data   RW         4332    .data               os_var.o
    0x2000008f   0x00000001   Data   RW         4333    .data               os_var.o
    0x20000090   0x00000001   Data   RW         4334    .data               os_var.o
    0x20000091   0x00000003   PAD
    0x20000094   0x00000004   Data   RW         4335    .data               os_var.o
    0x20000098   0x00000002   Data   RW         4336    .data               os_var.o
    0x2000009a   0x00000001   Data   RW         4337    .data               os_var.o
    0x2000009b   0x00000001   PAD
    0x2000009c   0x00000004   Data   RW         4338    .data               os_var.o
    0x200000a0   0x00000002   Data   RW         4339    .data               os_var.o
    0x200000a2   0x00000001   Data   RW         4340    .data               os_var.o
    0x200000a3   0x00000001   PAD
    0x200000a4   0x00000002   Data   RW         4341    .data               os_var.o
    0x200000a6   0x00000002   Data   RW         4342    .data               os_var.o
    0x200000a8   0x00000004   Data   RW         4343    .data               os_var.o
    0x200000ac   0x00000004   Data   RW         4344    .data               os_var.o
    0x200000b0   0x00000004   Data   RW         4345    .data               os_var.o
    0x200000b4   0x00000001   Data   RW         4346    .data               os_var.o
    0x200000b5   0x00000003   PAD
    0x200000b8   0x00000004   Data   RW         4347    .data               os_var.o
    0x200000bc   0x00000004   Data   RW         4348    .data               os_var.o
    0x200000c0   0x00000004   Data   RW         4349    .data               os_var.o
    0x200000c4   0x00000002   Data   RW         4350    .data               os_var.o
    0x200000c6   0x00000001   Data   RW         4351    .data               os_var.o
    0x200000c7   0x00000001   PAD
    0x200000c8   0x00000004   Data   RW         4352    .data               os_var.o
    0x200000cc   0x00000004   Data   RW         4353    .data               os_var.o
    0x200000d0   0x00000004   Data   RW         4354    .data               os_var.o
    0x200000d4   0x00000004   Data   RW         4356    .data               os_var.o
    0x200000d8   0x00000004   Data   RW         4357    .data               os_var.o
    0x200000dc   0x00000004   Data   RW         4358    .data               os_var.o
    0x200000e0   0x00000004   Data   RW         4359    .data               os_var.o
    0x200000e4   0x00000004   Data   RW         4360    .data               os_var.o
    0x200000e8   0x00000004   Data   RW         4361    .data               os_var.o
    0x200000ec   0x00000004   Data   RW         4388    .data               os_cpu_c.o
    0x200000f0   0x00000014   Data   RW         4618    .data               bsp_sdio_sdcard.o
    0x20000104   0x00000008   Data   RW         5043    .data               app.o
    0x2000010c   0x00000004   Data   RW         5190    .data               utility.o
    0x20000110   0x00000020   Data   RW         5357    .data               w5500.o
    0x20000130   0x00000008   Data   RW         5358    .data               w5500.o
    0x20000138   0x00000008   Data   RW         5359    .data               w5500.o
    0x20000140   0x00000026   Data   RW         5535    .data               w5500_conf.o
    0x20000166   0x00000002   Data   RW         5536    .data               w5500_conf.o
    0x20000168   0x00000008   Data   RW         5801    .data               ff.o
    0x20000170   0x00000004   Data   RW         6036    .data               mc_w.l(strtok.o)
    0x20000174   0x00000004   Data   RW         6320    .data               mc_w.l(stdout.o)
    0x20000178   0x00000004   Data   RW         6330    .data               mc_w.l(errno.o)
    0x2000017c   0x00001c5c   Zero   RW         2422    .bss                main.o
    0x20001dd8   0x00000200   Zero   RW         3197    .bss                os_cfg_app.o
    0x20001fd8   0x00000140   Zero   RW         3198    .bss                os_cfg_app.o
    0x20002118   0x00000200   Zero   RW         3199    .bss                os_cfg_app.o
    0x20002318   0x00000200   Zero   RW         3200    .bss                os_cfg_app.o
    0x20002518   0x00000640   Zero   RW         3201    .bss                os_cfg_app.o
    0x20002b58   0x00000200   Zero   RW         3202    .bss                os_cfg_app.o
    0x20002d58   0x00000200   Zero   RW         3203    .bss                os_cfg_app.o
    0x20002f58   0x00000088   Zero   RW         3204    .bss                os_cfg_app.o
    0x20002fe0   0x00000200   Zero   RW         3205    .bss                os_cfg_app.o
    0x200031e0   0x00000088   Zero   RW         3206    .bss                os_cfg_app.o
    0x20003268   0x000000c4   Zero   RW         4302    .bss                os_var.o
    0x2000332c   0x000000c4   Zero   RW         4303    .bss                os_var.o
    0x200033f0   0x0000000c   Zero   RW         4304    .bss                os_var.o
    0x200033fc   0x00000180   Zero   RW         4305    .bss                os_var.o
    0x2000357c   0x000000c4   Zero   RW         4306    .bss                os_var.o
    0x20003640   0x000000c4   Zero   RW         4307    .bss                os_var.o
    0x20003704   0x000000c4   Zero   RW         4308    .bss                os_var.o
    0x200037c8   0x000000c4   Zero   RW         4617    .bss                bsp_sdio_sdcard.o
    0x2000388c   0x00005000   Zero   RW         5042    .bss                app.o
    0x2000888c   0x00000036   Zero   RW         5534    .bss                w5500_conf.o
    0x200088c2   0x00000002   PAD
    0x200088c4   0x00000200   Zero   RW         5704    .bss                diskio.o
    0x20008ac4   0x00000004   PAD
    0x20008ac8   0x00000400   Zero   RW            1    STACK               startup_stm32f10x_hd.o


==============================================================================

Image component sizes


      Code (inc. data)   RO Data    RW Data    ZI Data      Debug   Object Name

      1822        674          0          8      20480       6321   app.o
       158         22          0          0          0       2753   bsp.o
       214          0          0          0          0       2147   bsp_i2c_ee.o
       416         38          0          0          0       4638   bsp_i2c_gpio.o
        96          4          0          0          0        522   bsp_led.o
      3914        222          0         20        196      29921   bsp_sdio_sdcard.o
       228         16          0          0          0       3221   bsp_usart1.o
       132         20     175304          0          0       2463   cc936.o
         0          0          0          0          0       4504   core_cm3.o
        52          0          0          0          0        328   cpu_a.o
       310         46          0         28          0      15206   cpu_core.o
       304         10          0          0        512      11331   diskio.o
      5440         52         13          8          0      31044   ff.o
         2          0          0          0          0        407   lib_mem.o
      1204        488          0          2       7260      37691   main.o
       120         14          0          0          0       1547   misc.o
         2          0        103          0       5264      20524   os_cfg_app.o
      2162        336          0          0          0      16729   os_core.o
       132         32          0          0          0        376   os_cpu_a.o
       428         68          0          4          0       7925   os_cpu_c.o
         2          0          0          0          0        862   os_dbg.o
       504         28          0          0          0       3125   os_flag.o
       876        194          0          0          0       3570   os_int.o
        24         10          0          0          0        837   os_mem.o
       322         24          0          0          0       3213   os_msg.o
        24         10          0          0          0        839   os_mutex.o
       124         18          0          4          0       2750   os_prio.o
       284         20          0          0          0       2278   os_q.o
       232         14          0          0          0       2018   os_sem.o
      1336        212          0          0          0       4243   os_stat.o
      3512        250          0          0          0      15352   os_task.o
       990        126          0          0          0       5665   os_tick.o
       676         40          0          0          0       3213   os_time.o
       744        138          0          0          0       4164   os_tmr.o
         0          0          0        159       1376      19071   os_var.o
       630         28          0          0          0       3802   socket.o
        36          8        304          0       1024        856   startup_stm32f10x_hd.o
       472         46          0          0          0       6495   stm32f10x_dma.o
       174          0          0          0          0       3040   stm32f10x_gpio.o
        92         20          0          0          0       4261   stm32f10x_it.o
       256         36          0         20          0       5114   stm32f10x_rcc.o
       344         88          0          0          0       9583   stm32f10x_sdio.o
       122          0          0          0          0       4379   stm32f10x_spi.o
        30          0          0          0          0       1730   stm32f10x_tim.o
       384          6          0          0          0       7497   stm32f10x_usart.o
       260         26          0          0          0     276173   system_stm32f10x.o
       150         14          0          4          0       2151   utility.o
       458         42          0         48          0       7729   w5500.o
      1500        398          0         40         54      12991   w5500_conf.o

    ----------------------------------------------------------------------
     31740       3838     175767        368      36172     616599   Object Totals
         0          0         32          0          0          0   (incl. Generated)
        46          0         11         23          6          0   (incl. Padding)

    ----------------------------------------------------------------------

      Code (inc. data)   RO Data    RW Data    ZI Data      Debug   Library Member Name

        86          0          0          0          0          0   __dczerorl2.o
        28          0          0          0          0         68   _chval.o
       158          0          0          0          0         92   _strtoul.o
        26          0          0          0          0         80   atoi.o
         8          4        133          0          0         68   ctype_o.o
         0          0          0          0          0          0   entry.o
         0          0          0          0          0          0   entry10a.o
         0          0          0          0          0          0   entry11a.o
         8          4          0          0          0          0   entry2.o
         4          0          0          0          0          0   entry5.o
         0          0          0          0          0          0   entry7b.o
         0          0          0          0          0          0   entry8b.o
         8          4          0          0          0          0   entry9a.o
         8          4          0          4          0         68   errno.o
        30          0          0          0          0          0   handlers.o
        36          8          0          0          0         68   init.o
        30          0          0          0          0         68   llshl.o
        32          0          0          0          0         68   llushr.o
        36          0          0          0          0         68   memcpya.o
      1154         54          0          0          0        352   printf8.o
         0          0          0          4          0          0   stdout.o
        28          0          0          0          0         76   strcmp.o
        36          0          0          0          0         80   strstr.o
        68          6          0          4          0         80   strtok.o
       112          0          0          0          0         88   strtol.o
        98          0          0          0          0         92   uldiv.o

    ----------------------------------------------------------------------
      2000         84        133         12          0       1416   Library Totals
         6          0          0          0          0          0   (incl. Padding)

    ----------------------------------------------------------------------

      Code (inc. data)   RO Data    RW Data    ZI Data      Debug   Library Name

      1994         84        133         12          0       1416   mc_w.l

    ----------------------------------------------------------------------
      2000         84        133         12          0       1416   Library Totals

    ----------------------------------------------------------------------

==============================================================================


      Code (inc. data)   RO Data    RW Data    ZI Data      Debug   

     33740       3922     175900        380      36172     601555   Grand Totals
     33740       3922     175900         56      36172     601555   ELF Image Totals (compressed)
     33740       3922     175900         56          0          0   ROM Totals

==============================================================================

    Total RO  Size (Code + RO Data)               209640 ( 204.73kB)
    Total RW  Size (RW Data + ZI Data)             36552 (  35.70kB)
    Total ROM Size (Code + RO Data + RW Data)     209696 ( 204.78kB)

==============================================================================

